Archive member included to satisfy reference by file (symbol)

c:/stm/stm32cubeide_1.12.1/stm32cubeide/plugins/com.st.stm32cube.ide.mcu.externaltools.gnu-tools-for-stm32.10.3-2021.10.win32_1.0.200.202301161003/tools/bin/../lib/gcc/arm-none-eabi/10.3.1/../../../../arm-none-eabi/lib/thumb/v7-m/nofp\libc_nano.a(lib_a-errno.o)
                              ./Core/Src/syscalls.o (__errno)
c:/stm/stm32cubeide_1.12.1/stm32cubeide/plugins/com.st.stm32cube.ide.mcu.externaltools.gnu-tools-for-stm32.10.3-2021.10.win32_1.0.200.202301161003/tools/bin/../lib/gcc/arm-none-eabi/10.3.1/../../../../arm-none-eabi/lib/thumb/v7-m/nofp\libc_nano.a(lib_a-exit.o)
                              c:/stm/stm32cubeide_1.12.1/stm32cubeide/plugins/com.st.stm32cube.ide.mcu.externaltools.gnu-tools-for-stm32.10.3-2021.10.win32_1.0.200.202301161003/tools/bin/../lib/gcc/arm-none-eabi/10.3.1/../../../../arm-none-eabi/lib/thumb/v7-m/nofp/crt0.o (exit)
c:/stm/stm32cubeide_1.12.1/stm32cubeide/plugins/com.st.stm32cube.ide.mcu.externaltools.gnu-tools-for-stm32.10.3-2021.10.win32_1.0.200.202301161003/tools/bin/../lib/gcc/arm-none-eabi/10.3.1/../../../../arm-none-eabi/lib/thumb/v7-m/nofp\libc_nano.a(lib_a-impure.o)
                              c:/stm/stm32cubeide_1.12.1/stm32cubeide/plugins/com.st.stm32cube.ide.mcu.externaltools.gnu-tools-for-stm32.10.3-2021.10.win32_1.0.200.202301161003/tools/bin/../lib/gcc/arm-none-eabi/10.3.1/../../../../arm-none-eabi/lib/thumb/v7-m/nofp\libc_nano.a(lib_a-exit.o) (_global_impure_ptr)
c:/stm/stm32cubeide_1.12.1/stm32cubeide/plugins/com.st.stm32cube.ide.mcu.externaltools.gnu-tools-for-stm32.10.3-2021.10.win32_1.0.200.202301161003/tools/bin/../lib/gcc/arm-none-eabi/10.3.1/../../../../arm-none-eabi/lib/thumb/v7-m/nofp\libc_nano.a(lib_a-init.o)
                              c:/stm/stm32cubeide_1.12.1/stm32cubeide/plugins/com.st.stm32cube.ide.mcu.externaltools.gnu-tools-for-stm32.10.3-2021.10.win32_1.0.200.202301161003/tools/bin/../lib/gcc/arm-none-eabi/10.3.1/../../../../arm-none-eabi/lib/thumb/v7-m/nofp/crt0.o (__libc_init_array)
c:/stm/stm32cubeide_1.12.1/stm32cubeide/plugins/com.st.stm32cube.ide.mcu.externaltools.gnu-tools-for-stm32.10.3-2021.10.win32_1.0.200.202301161003/tools/bin/../lib/gcc/arm-none-eabi/10.3.1/../../../../arm-none-eabi/lib/thumb/v7-m/nofp\libc_nano.a(lib_a-memcpy-stub.o)
                              ./USB_DEVICE/App/usbd_cdc_if.o (memcpy)
c:/stm/stm32cubeide_1.12.1/stm32cubeide/plugins/com.st.stm32cube.ide.mcu.externaltools.gnu-tools-for-stm32.10.3-2021.10.win32_1.0.200.202301161003/tools/bin/../lib/gcc/arm-none-eabi/10.3.1/../../../../arm-none-eabi/lib/thumb/v7-m/nofp\libc_nano.a(lib_a-memset.o)
                              c:/stm/stm32cubeide_1.12.1/stm32cubeide/plugins/com.st.stm32cube.ide.mcu.externaltools.gnu-tools-for-stm32.10.3-2021.10.win32_1.0.200.202301161003/tools/bin/../lib/gcc/arm-none-eabi/10.3.1/../../../../arm-none-eabi/lib/thumb/v7-m/nofp/crt0.o (memset)

Discarded input sections

 .text          0x0000000000000000        0x0 c:/stm/stm32cubeide_1.12.1/stm32cubeide/plugins/com.st.stm32cube.ide.mcu.externaltools.gnu-tools-for-stm32.10.3-2021.10.win32_1.0.200.202301161003/tools/bin/../lib/gcc/arm-none-eabi/10.3.1/thumb/v7-m/nofp/crti.o
 .data          0x0000000000000000        0x0 c:/stm/stm32cubeide_1.12.1/stm32cubeide/plugins/com.st.stm32cube.ide.mcu.externaltools.gnu-tools-for-stm32.10.3-2021.10.win32_1.0.200.202301161003/tools/bin/../lib/gcc/arm-none-eabi/10.3.1/thumb/v7-m/nofp/crti.o
 .bss           0x0000000000000000        0x0 c:/stm/stm32cubeide_1.12.1/stm32cubeide/plugins/com.st.stm32cube.ide.mcu.externaltools.gnu-tools-for-stm32.10.3-2021.10.win32_1.0.200.202301161003/tools/bin/../lib/gcc/arm-none-eabi/10.3.1/thumb/v7-m/nofp/crti.o
 .data          0x0000000000000000        0x4 c:/stm/stm32cubeide_1.12.1/stm32cubeide/plugins/com.st.stm32cube.ide.mcu.externaltools.gnu-tools-for-stm32.10.3-2021.10.win32_1.0.200.202301161003/tools/bin/../lib/gcc/arm-none-eabi/10.3.1/thumb/v7-m/nofp/crtbegin.o
 .rodata        0x0000000000000000       0x24 c:/stm/stm32cubeide_1.12.1/stm32cubeide/plugins/com.st.stm32cube.ide.mcu.externaltools.gnu-tools-for-stm32.10.3-2021.10.win32_1.0.200.202301161003/tools/bin/../lib/gcc/arm-none-eabi/10.3.1/thumb/v7-m/nofp/crtbegin.o
 .text          0x0000000000000000       0x7c c:/stm/stm32cubeide_1.12.1/stm32cubeide/plugins/com.st.stm32cube.ide.mcu.externaltools.gnu-tools-for-stm32.10.3-2021.10.win32_1.0.200.202301161003/tools/bin/../lib/gcc/arm-none-eabi/10.3.1/../../../../arm-none-eabi/lib/thumb/v7-m/nofp/crt0.o
 .data          0x0000000000000000        0x0 c:/stm/stm32cubeide_1.12.1/stm32cubeide/plugins/com.st.stm32cube.ide.mcu.externaltools.gnu-tools-for-stm32.10.3-2021.10.win32_1.0.200.202301161003/tools/bin/../lib/gcc/arm-none-eabi/10.3.1/../../../../arm-none-eabi/lib/thumb/v7-m/nofp/crt0.o
[...]
Memory Configuration

Name             Origin             Length             Attributes
RAM              0x0000000020000000 0x0000000000005000 xrw
FLASH            0x0000000008000000 0x0000000000010000 xr
*default*        0x0000000000000000 0xffffffffffffffff

Linker script and memory map

LOAD c:/stm/stm32cubeide_1.12.1/stm32cubeide/plugins/com.st.stm32cube.ide.mcu.externaltools.gnu-tools-for-stm32.10.3-2021.10.win32_1.0.200.202301161003/tools/bin/../lib/gcc/arm-none-eabi/10.3.1/thumb/v7-m/nofp/crti.o
LOAD c:/stm/stm32cubeide_1.12.1/stm32cubeide/plugins/com.st.stm32cube.ide.mcu.externaltools.gnu-tools-for-stm32.10.3-2021.10.win32_1.0.200.202301161003/tools/bin/../lib/gcc/arm-none-eabi/10.3.1/thumb/v7-m/nofp/crtbegin.o
LOAD c:/stm/stm32cubeide_1.12.1/stm32cubeide/plugins/com.st.stm32cube.ide.mcu.externaltools.gnu-tools-for-stm32.10.3-2021.10.win32_1.0.200.202301161003/tools/bin/../lib/gcc/arm-none-eabi/10.3.1/../../../../arm-none-eabi/lib/thumb/v7-m/nofp/crt0.o
LOAD ./Core/Src/main.o
LOAD ./Core/Src/stm32f1xx_hal_msp.o
LOAD ./Core/Src/stm32f1xx_it.o
LOAD ./Core/Src/syscalls.o
LOAD ./Core/Src/sysmem.o
LOAD ./Core/Src/system_stm32f1xx.o
LOAD ./Core/Startup/startup_stm32f103c8tx.o
LOAD ./Drivers/STM32F1xx_HAL_Driver/Src/stm32f1xx_hal.o
LOAD ./Drivers/STM32F1xx_HAL_Driver/Src/stm32f1xx_hal_cortex.o
LOAD ./Drivers/STM32F1xx_HAL_Driver/Src/stm32f1xx_hal_dma.o
LOAD ./Drivers/STM32F1xx_HAL_Driver/Src/stm32f1xx_hal_exti.o
LOAD ./Drivers/STM32F1xx_HAL_Driver/Src/stm32f1xx_hal_flash.o
LOAD ./Drivers/STM32F1xx_HAL_Driver/Src/stm32f1xx_hal_flash_ex.o
LOAD ./Drivers/STM32F1xx_HAL_Driver/Src/stm32f1xx_hal_gpio.o
LOAD ./Drivers/STM32F1xx_HAL_Driver/Src/stm32f1xx_hal_gpio_ex.o
LOAD ./Drivers/STM32F1xx_HAL_Driver/Src/stm32f1xx_hal_pcd.o
LOAD ./Drivers/STM32F1xx_HAL_Driver/Src/stm32f1xx_hal_pcd_ex.o
LOAD ./Drivers/STM32F1xx_HAL_Driver/Src/stm32f1xx_hal_pwr.o
LOAD ./Drivers/STM32F1xx_HAL_Driver/Src/stm32f1xx_hal_rcc.o
LOAD ./Drivers/STM32F1xx_HAL_Driver/Src/stm32f1xx_hal_rcc_ex.o
LOAD ./Drivers/STM32F1xx_HAL_Driver/Src/stm32f1xx_hal_tim.o
LOAD ./Drivers/STM32F1xx_HAL_Driver/Src/stm32f1xx_hal_tim_ex.o
LOAD ./Drivers/STM32F1xx_HAL_Driver/Src/stm32f1xx_ll_usb.o
LOAD ./Middlewares/ST/STM32_USB_Device_Library/Class/CDC/Src/usbd_cdc.o
LOAD ./Middlewares/ST/STM32_USB_Device_Library/Core/Src/usbd_core.o
LOAD ./Middlewares/ST/STM32_USB_Device_Library/Core/Src/usbd_ctlreq.o
LOAD ./Middlewares/ST/STM32_USB_Device_Library/Core/Src/usbd_ioreq.o
LOAD ./USB_DEVICE/App/usb_device.o
LOAD ./USB_DEVICE/App/usbd_cdc_if.o
LOAD ./USB_DEVICE/App/usbd_desc.o
LOAD ./USB_DEVICE/Target/usbd_conf.o
START GROUP
LOAD c:/stm/stm32cubeide_1.12.1/stm32cubeide/plugins/com.st.stm32cube.ide.mcu.externaltools.gnu-tools-for-stm32.10.3-2021.10.win32_1.0.200.202301161003/tools/bin/../lib/gcc/arm-none-eabi/10.3.1/../../../../arm-none-eabi/lib/thumb/v7-m/nofp\libc_nano.a
LOAD c:/stm/stm32cubeide_1.12.1/stm32cubeide/plugins/com.st.stm32cube.ide.mcu.externaltools.gnu-tools-for-stm32.10.3-2021.10.win32_1.0.200.202301161003/tools/bin/../lib/gcc/arm-none-eabi/10.3.1/../../../../arm-none-eabi/lib/thumb/v7-m/nofp\libm.a
END GROUP
START GROUP
LOAD c:/stm/stm32cubeide_1.12.1/stm32cubeide/plugins/com.st.stm32cube.ide.mcu.externaltools.gnu-tools-for-stm32.10.3-2021.10.win32_1.0.200.202301161003/tools/bin/../lib/gcc/arm-none-eabi/10.3.1/thumb/v7-m/nofp\libgcc.a
LOAD c:/stm/stm32cubeide_1.12.1/stm32cubeide/plugins/com.st.stm32cube.ide.mcu.externaltools.gnu-tools-for-stm32.10.3-2021.10.win32_1.0.200.202301161003/tools/bin/../lib/gcc/arm-none-eabi/10.3.1/../../../../arm-none-eabi/lib/thumb/v7-m/nofp\libc_nano.a
END GROUP
START GROUP
LOAD c:/stm/stm32cubeide_1.12.1/stm32cubeide/plugins/com.st.stm32cube.ide.mcu.externaltools.gnu-tools-for-stm32.10.3-2021.10.win32_1.0.200.202301161003/tools/bin/../lib/gcc/arm-none-eabi/10.3.1/thumb/v7-m/nofp\libgcc.a
LOAD c:/stm/stm32cubeide_1.12.1/stm32cubeide/plugins/com.st.stm32cube.ide.mcu.externaltools.gnu-tools-for-stm32.10.3-2021.10.win32_1.0.200.202301161003/tools/bin/../lib/gcc/arm-none-eabi/10.3.1/../../../../arm-none-eabi/lib/thumb/v7-m/nofp\libc_nano.a
LOAD c:/stm/stm32cubeide_1.12.1/stm32cubeide/plugins/com.st.stm32cube.ide.mcu.externaltools.gnu-tools-for-stm32.10.3-2021.10.win32_1.0.200.202301161003/tools/bin/../lib/gcc/arm-none-eabi/10.3.1/../../../../arm-none-eabi/lib/thumb/v7-m/nofp\libnosys.a
END GROUP
START GROUP
LOAD c:/stm/stm32cubeide_1.12.1/stm32cubeide/plugins/com.st.stm32cube.ide.mcu.externaltools.gnu-tools-for-stm32.10.3-2021.10.win32_1.0.200.202301161003/tools/bin/../lib/gcc/arm-none-eabi/10.3.1/thumb/v7-m/nofp\libgcc.a
LOAD c:/stm/stm32cubeide_1.12.1/stm32cubeide/plugins/com.st.stm32cube.ide.mcu.externaltools.gnu-tools-for-stm32.10.3-2021.10.win32_1.0.200.202301161003/tools/bin/../lib/gcc/arm-none-eabi/10.3.1/../../../../arm-none-eabi/lib/thumb/v7-m/nofp\libc_nano.a
LOAD c:/stm/stm32cubeide_1.12.1/stm32cubeide/plugins/com.st.stm32cube.ide.mcu.externaltools.gnu-tools-for-stm32.10.3-2021.10.win32_1.0.200.202301161003/tools/bin/../lib/gcc/arm-none-eabi/10.3.1/../../../../arm-none-eabi/lib/thumb/v7-m/nofp\libnosys.a
END GROUP
LOAD c:/stm/stm32cubeide_1.12.1/stm32cubeide/plugins/com.st.stm32cube.ide.mcu.externaltools.gnu-tools-for-stm32.10.3-2021.10.win32_1.0.200.202301161003/tools/bin/../lib/gcc/arm-none-eabi/10.3.1/thumb/v7-m/nofp/crtend.o
LOAD c:/stm/stm32cubeide_1.12.1/stm32cubeide/plugins/com.st.stm32cube.ide.mcu.externaltools.gnu-tools-for-stm32.10.3-2021.10.win32_1.0.200.202301161003/tools/bin/../lib/gcc/arm-none-eabi/10.3.1/thumb/v7-m/nofp/crtn.o
                0x0000000020005000                _estack = (ORIGIN (RAM) + LENGTH (RAM))
                0x0000000000000200                _Min_Heap_Size = 0x200
                0x0000000000000400                _Min_Stack_Size = 0x400

.isr_vector     0x0000000008000000      0x10c
                0x0000000008000000                . = ALIGN (0x4)
 *(.isr_vector)
 .isr_vector    0x0000000008000000      0x10c ./Core/Startup/startup_stm32f103c8tx.o
                0x0000000008000000                g_pfnVectors
                0x000000000800010c                . = ALIGN (0x4)

.text           0x000000000800010c     0x7134
                0x000000000800010c                . = ALIGN (0x4)
 *(.text)
 .text          0x000000000800010c       0x40 c:/stm/stm32cubeide_1.12.1/stm32cubeide/plugins/com.st.stm32cube.ide.mcu.externaltools.gnu-tools-for-stm32.10.3-2021.10.win32_1.0.200.202301161003/tools/bin/../lib/gcc/arm-none-eabi/10.3.1/thumb/v7-m/nofp/crtbegin.o
 *(.text*)
 .text.main     0x000000000800014c       0x16 ./Core/Src/main.o
                0x000000000800014c                main
 .text.SystemClock_Config
                0x0000000008000162       0xb4 ./Core/Src/main.o
                0x0000000008000162                SystemClock_Config
 *fill*         0x0000000008000216        0x2 
 .text.MX_GPIO_Init
                0x0000000008000218       0x44 ./Core/Src/main.o
 .text.Error_Handler
                0x000000000800025c        0xa ./Core/Src/main.o
                0x000000000800025c                Error_Handler
 *fill*         0x0000000008000266        0x2 
 .text.HAL_MspInit
                0x0000000008000268       0x64 ./Core/Src/stm32f1xx_hal_msp.o
                0x0000000008000268                HAL_MspInit
 .text.NMI_Handler
                0x00000000080002cc        0x6 ./Core/Src/stm32f1xx_it.o
                0x00000000080002cc                NMI_Handler
 .text.HardFault_Handler
                0x00000000080002d2        0x6 ./Core/Src/stm32f1xx_it.o
                0x00000000080002d2                HardFault_Handler
 .text.MemManage_Handler
                0x00000000080002d8        0x6 ./Core/Src/stm32f1xx_it.o
                0x00000000080002d8                MemManage_Handler
 .text.BusFault_Handler
                0x00000000080002de        0x6 ./Core/Src/stm32f1xx_it.o
                0x00000000080002de                BusFault_Handler
 .text.UsageFault_Handler
                0x00000000080002e4        0x6 ./Core/Src/stm32f1xx_it.o
                0x00000000080002e4                UsageFault_Handler
 .text.SVC_Handler
                0x00000000080002ea        0xc ./Core/Src/stm32f1xx_it.o
                0x00000000080002ea                SVC_Handler
 .text.DebugMon_Handler
                0x00000000080002f6        0xc ./Core/Src/stm32f1xx_it.o
                0x00000000080002f6                DebugMon_Handler
 .text.PendSV_Handler
                0x0000000008000302        0xc ./Core/Src/stm32f1xx_it.o
                0x0000000008000302                PendSV_Handler
 .text.SysTick_Handler
                0x000000000800030e        0xc ./Core/Src/stm32f1xx_it.o
                0x000000000800030e                SysTick_Handler
 *fill*         0x000000000800031a        0x2 
 .text.USB_LP_CAN1_RX0_IRQHandler
                0x000000000800031c       0x14 ./Core/Src/stm32f1xx_it.o
                0x000000000800031c                USB_LP_CAN1_RX0_IRQHandler
 .text.SystemInit
                0x0000000008000330        0xc ./Core/Src/system_stm32f1xx.o
                0x0000000008000330                SystemInit
 .text.Reset_Handler
                0x000000000800033c       0x48 ./Core/Startup/startup_stm32f103c8tx.o
                0x000000000800033c                Reset_Handler
 .text.Default_Handler
                0x0000000008000384        0x2 ./Core/Startup/startup_stm32f103c8tx.o
                0x0000000008000384                RTC_Alarm_IRQHandler
                0x0000000008000384                EXTI2_IRQHandler
                0x0000000008000384                TIM1_CC_IRQHandler
                0x0000000008000384                PVD_IRQHandler
                0x0000000008000384                EXTI3_IRQHandler
                0x0000000008000384                EXTI0_IRQHandler
                0x0000000008000384                I2C2_EV_IRQHandler
                0x0000000008000384                ADC1_2_IRQHandler
                0x0000000008000384                SPI1_IRQHandler
                0x0000000008000384                TAMPER_IRQHandler
                0x0000000008000384                DMA1_Channel4_IRQHandler
                0x0000000008000384                USART3_IRQHandler
                0x0000000008000384                RTC_IRQHandler
                0x0000000008000384                DMA1_Channel7_IRQHandler
                0x0000000008000384                CAN1_RX1_IRQHandler
                0x0000000008000384                TIM4_IRQHandler
                0x0000000008000384                I2C1_EV_IRQHandler
                0x0000000008000384                DMA1_Channel6_IRQHandler
                0x0000000008000384                TIM3_IRQHandler
                0x0000000008000384                RCC_IRQHandler
                0x0000000008000384                TIM1_TRG_COM_IRQHandler
                0x0000000008000384                DMA1_Channel1_IRQHandler
                0x0000000008000384                Default_Handler
                0x0000000008000384                EXTI15_10_IRQHandler
                0x0000000008000384                EXTI9_5_IRQHandler
                0x0000000008000384                SPI2_IRQHandler
                0x0000000008000384                DMA1_Channel5_IRQHandler
                0x0000000008000384                EXTI4_IRQHandler
                0x0000000008000384                USB_HP_CAN1_TX_IRQHandler
                0x0000000008000384                DMA1_Channel3_IRQHandler
                0x0000000008000384                TIM1_UP_IRQHandler
                0x0000000008000384                WWDG_IRQHandler
                0x0000000008000384                TIM2_IRQHandler
                0x0000000008000384                TIM1_BRK_IRQHandler
                0x0000000008000384                EXTI1_IRQHandler
                0x0000000008000384                USART2_IRQHandler
                0x0000000008000384                I2C2_ER_IRQHandler
                0x0000000008000384                DMA1_Channel2_IRQHandler
                0x0000000008000384                CAN1_SCE_IRQHandler
                0x0000000008000384                FLASH_IRQHandler
                0x0000000008000384                USART1_IRQHandler
                0x0000000008000384                I2C1_ER_IRQHandler
                0x0000000008000384                USBWakeUp_IRQHandler
 *fill*         0x0000000008000386        0x2 
 .text.HAL_Init
                0x0000000008000388       0x2c ./Drivers/STM32F1xx_HAL_Driver/Src/stm32f1xx_hal.o
                0x0000000008000388                HAL_Init
 .text.HAL_InitTick
                0x00000000080003b4       0x60 ./Drivers/STM32F1xx_HAL_Driver/Src/stm32f1xx_hal.o
                0x00000000080003b4                HAL_InitTick
 .text.HAL_IncTick
                0x0000000008000414       0x24 ./Drivers/STM32F1xx_HAL_Driver/Src/stm32f1xx_hal.o
                0x0000000008000414                HAL_IncTick
 .text.HAL_GetTick
                0x0000000008000438       0x14 ./Drivers/STM32F1xx_HAL_Driver/Src/stm32f1xx_hal.o
                0x0000000008000438                HAL_GetTick
 .text.__NVIC_SetPriorityGrouping
                0x000000000800044c       0x48 ./Drivers/STM32F1xx_HAL_Driver/Src/stm32f1xx_hal_cortex.o
 .text.__NVIC_GetPriorityGrouping
                0x0000000008000494       0x1c ./Drivers/STM32F1xx_HAL_Driver/Src/stm32f1xx_hal_cortex.o
 .text.__NVIC_EnableIRQ
                0x00000000080004b0       0x38 ./Drivers/STM32F1xx_HAL_Driver/Src/stm32f1xx_hal_cortex.o
 .text.__NVIC_SetPriority
                0x00000000080004e8       0x54 ./Drivers/STM32F1xx_HAL_Driver/Src/stm32f1xx_hal_cortex.o
 .text.NVIC_EncodePriority
                0x000000000800053c       0x64 ./Drivers/STM32F1xx_HAL_Driver/Src/stm32f1xx_hal_cortex.o
 .text.SysTick_Config
                0x00000000080005a0       0x44 ./Drivers/STM32F1xx_HAL_Driver/Src/stm32f1xx_hal_cortex.o
 .text.HAL_NVIC_SetPriorityGrouping
                0x00000000080005e4       0x16 ./Drivers/STM32F1xx_HAL_Driver/Src/stm32f1xx_hal_cortex.o
                0x00000000080005e4                HAL_NVIC_SetPriorityGrouping
 .text.HAL_NVIC_SetPriority
                0x00000000080005fa       0x38 ./Drivers/STM32F1xx_HAL_Driver/Src/stm32f1xx_hal_cortex.o
                0x00000000080005fa                HAL_NVIC_SetPriority
 .text.HAL_NVIC_EnableIRQ
                0x0000000008000632       0x1c ./Drivers/STM32F1xx_HAL_Driver/Src/stm32f1xx_hal_cortex.o
                0x0000000008000632                HAL_NVIC_EnableIRQ
 .text.HAL_SYSTICK_Config
                0x000000000800064e       0x18 ./Drivers/STM32F1xx_HAL_Driver/Src/stm32f1xx_hal_cortex.o
                0x000000000800064e                HAL_SYSTICK_Config
 .text.HAL_PCD_Init
                0x0000000008000666      0x1ec ./Drivers/STM32F1xx_HAL_Driver/Src/stm32f1xx_hal_pcd.o
                0x0000000008000666                HAL_PCD_Init
 .text.HAL_PCD_Start
                0x0000000008000852       0x4c ./Drivers/STM32F1xx_HAL_Driver/Src/stm32f1xx_hal_pcd.o
                0x0000000008000852                HAL_PCD_Start
 .text.HAL_PCD_IRQHandler
                0x000000000800089e      0x260 ./Drivers/STM32F1xx_HAL_Driver/Src/stm32f1xx_hal_pcd.o
                0x000000000800089e                HAL_PCD_IRQHandler
 .text.HAL_PCD_SetAddress
                0x0000000008000afe       0x48 ./Drivers/STM32F1xx_HAL_Driver/Src/stm32f1xx_hal_pcd.o
                0x0000000008000afe                HAL_PCD_SetAddress
 .text.HAL_PCD_EP_Open
                0x0000000008000b46       0xba ./Drivers/STM32F1xx_HAL_Driver/Src/stm32f1xx_hal_pcd.o
                0x0000000008000b46                HAL_PCD_EP_Open
 .text.HAL_PCD_EP_Close
                0x0000000008000c00       0x90 ./Drivers/STM32F1xx_HAL_Driver/Src/stm32f1xx_hal_pcd.o
                0x0000000008000c00                HAL_PCD_EP_Close
 .text.HAL_PCD_EP_Receive
                0x0000000008000c90       0x62 ./Drivers/STM32F1xx_HAL_Driver/Src/stm32f1xx_hal_pcd.o
                0x0000000008000c90                HAL_PCD_EP_Receive
 .text.HAL_PCD_EP_GetRxCount
                0x0000000008000cf2       0x2e ./Drivers/STM32F1xx_HAL_Driver/Src/stm32f1xx_hal_pcd.o
                0x0000000008000cf2                HAL_PCD_EP_GetRxCount
 .text.HAL_PCD_EP_Transmit
                0x0000000008000d20       0x6e ./Drivers/STM32F1xx_HAL_Driver/Src/stm32f1xx_hal_pcd.o
                0x0000000008000d20                HAL_PCD_EP_Transmit
 .text.HAL_PCD_EP_SetStall
                0x0000000008000d8e       0xc0 ./Drivers/STM32F1xx_HAL_Driver/Src/stm32f1xx_hal_pcd.o
                0x0000000008000d8e                HAL_PCD_EP_SetStall
 .text.HAL_PCD_EP_ClrStall
                0x0000000008000e4e       0xa8 ./Drivers/STM32F1xx_HAL_Driver/Src/stm32f1xx_hal_pcd.o
                0x0000000008000e4e                HAL_PCD_EP_ClrStall
 .text.PCD_EP_ISR_Handler
                0x0000000008000ef6      0x7a0 ./Drivers/STM32F1xx_HAL_Driver/Src/stm32f1xx_hal_pcd.o
 .text.HAL_PCD_EP_DB_Receive
                0x0000000008001696      0x21a ./Drivers/STM32F1xx_HAL_Driver/Src/stm32f1xx_hal_pcd.o
 .text.HAL_PCD_EP_DB_Transmit
                0x00000000080018b0      0x7f4 ./Drivers/STM32F1xx_HAL_Driver/Src/stm32f1xx_hal_pcd.o
 .text.HAL_PCDEx_PMAConfig
                0x00000000080020a4       0x84 ./Drivers/STM32F1xx_HAL_Driver/Src/stm32f1xx_hal_pcd_ex.o
                0x00000000080020a4                HAL_PCDEx_PMAConfig
 .text.HAL_RCC_OscConfig
                0x0000000008002128      0x504 ./Drivers/STM32F1xx_HAL_Driver/Src/stm32f1xx_hal_rcc.o
                0x0000000008002128                HAL_RCC_OscConfig
 .text.HAL_RCC_ClockConfig
                0x000000000800262c      0x1d4 ./Drivers/STM32F1xx_HAL_Driver/Src/stm32f1xx_hal_rcc.o
                0x000000000800262c                HAL_RCC_ClockConfig
 .text.HAL_RCC_GetSysClockFreq
                0x0000000008002800       0xa8 ./Drivers/STM32F1xx_HAL_Driver/Src/stm32f1xx_hal_rcc.o
                0x0000000008002800                HAL_RCC_GetSysClockFreq
 .text.RCC_Delay
                0x00000000080028a8       0x3c ./Drivers/STM32F1xx_HAL_Driver/Src/stm32f1xx_hal_rcc.o
 .text.HAL_RCCEx_PeriphCLKConfig
                0x00000000080028e4      0x16c ./Drivers/STM32F1xx_HAL_Driver/Src/stm32f1xx_hal_rcc_ex.o
                0x00000000080028e4                HAL_RCCEx_PeriphCLKConfig
 .text.USB_CoreInit
                0x0000000008002a50       0x1a ./Drivers/STM32F1xx_HAL_Driver/Src/stm32f1xx_ll_usb.o
                0x0000000008002a50                USB_CoreInit
 .text.USB_EnableGlobalInt
                0x0000000008002a6a       0x2c ./Drivers/STM32F1xx_HAL_Driver/Src/stm32f1xx_ll_usb.o
                0x0000000008002a6a                USB_EnableGlobalInt
 .text.USB_DisableGlobalInt
                0x0000000008002a96       0x34 ./Drivers/STM32F1xx_HAL_Driver/Src/stm32f1xx_ll_usb.o
                0x0000000008002a96                USB_DisableGlobalInt
 .text.USB_SetCurrentMode
                0x0000000008002aca       0x18 ./Drivers/STM32F1xx_HAL_Driver/Src/stm32f1xx_ll_usb.o
                0x0000000008002aca                USB_SetCurrentMode
 .text.USB_DevInit
                0x0000000008002ae2       0x3a ./Drivers/STM32F1xx_HAL_Driver/Src/stm32f1xx_ll_usb.o
                0x0000000008002ae2                USB_DevInit
 .text.USB_ActivateEndpoint
                0x0000000008002b1c      0x780 ./Drivers/STM32F1xx_HAL_Driver/Src/stm32f1xx_ll_usb.o
                0x0000000008002b1c                USB_ActivateEndpoint
 .text.USB_DeactivateEndpoint
                0x000000000800329c      0x3d8 ./Drivers/STM32F1xx_HAL_Driver/Src/stm32f1xx_ll_usb.o
                0x000000000800329c                USB_DeactivateEndpoint
 .text.USB_EPStartXfer
                0x0000000008003674     0x1762 ./Drivers/STM32F1xx_HAL_Driver/Src/stm32f1xx_ll_usb.o
                0x0000000008003674                USB_EPStartXfer
 .text.USB_EPSetStall
                0x0000000008004dd6       0xa0 ./Drivers/STM32F1xx_HAL_Driver/Src/stm32f1xx_ll_usb.o
                0x0000000008004dd6                USB_EPSetStall
 .text.USB_EPClearStall
                0x0000000008004e76      0x15a ./Drivers/STM32F1xx_HAL_Driver/Src/stm32f1xx_ll_usb.o
                0x0000000008004e76                USB_EPClearStall
 .text.USB_SetDevAddress
                0x0000000008004fd0       0x26 ./Drivers/STM32F1xx_HAL_Driver/Src/stm32f1xx_ll_usb.o
                0x0000000008004fd0                USB_SetDevAddress
 .text.USB_DevConnect
                0x0000000008004ff6       0x14 ./Drivers/STM32F1xx_HAL_Driver/Src/stm32f1xx_ll_usb.o
                0x0000000008004ff6                USB_DevConnect
 .text.USB_DevDisconnect
                0x000000000800500a       0x14 ./Drivers/STM32F1xx_HAL_Driver/Src/stm32f1xx_ll_usb.o
                0x000000000800500a                USB_DevDisconnect
 .text.USB_ReadInterrupts
                0x000000000800501e       0x1e ./Drivers/STM32F1xx_HAL_Driver/Src/stm32f1xx_ll_usb.o
                0x000000000800501e                USB_ReadInterrupts
 .text.USB_EP0_OutStart
                0x000000000800503c       0x16 ./Drivers/STM32F1xx_HAL_Driver/Src/stm32f1xx_ll_usb.o
                0x000000000800503c                USB_EP0_OutStart
 .text.USB_WritePMA
                0x0000000008005052       0x8a ./Drivers/STM32F1xx_HAL_Driver/Src/stm32f1xx_ll_usb.o
                0x0000000008005052                USB_WritePMA
 .text.USB_ReadPMA
                0x00000000080050dc       0x9e ./Drivers/STM32F1xx_HAL_Driver/Src/stm32f1xx_ll_usb.o
                0x00000000080050dc                USB_ReadPMA
 .text.USBD_CDC_Init
                0x000000000800517a       0xf4 ./Middlewares/ST/STM32_USB_Device_Library/Class/CDC/Src/usbd_cdc.o
 .text.USBD_CDC_DeInit
                0x000000000800526e       0x6e ./Middlewares/ST/STM32_USB_Device_Library/Class/CDC/Src/usbd_cdc.o
 .text.USBD_CDC_Setup
                0x00000000080052dc      0x146 ./Middlewares/ST/STM32_USB_Device_Library/Class/CDC/Src/usbd_cdc.o
 .text.USBD_CDC_DataIn
                0x0000000008005422       0xa6 ./Middlewares/ST/STM32_USB_Device_Library/Class/CDC/Src/usbd_cdc.o
 .text.USBD_CDC_DataOut
                0x00000000080054c8       0x56 ./Middlewares/ST/STM32_USB_Device_Library/Class/CDC/Src/usbd_cdc.o
 .text.USBD_CDC_EP0_RxReady
                0x000000000800551e       0x50 ./Middlewares/ST/STM32_USB_Device_Library/Class/CDC/Src/usbd_cdc.o
 *fill*         0x000000000800556e        0x2 
 .text.USBD_CDC_GetFSCfgDesc
                0x0000000008005570       0x20 ./Middlewares/ST/STM32_USB_Device_Library/Class/CDC/Src/usbd_cdc.o
 .text.USBD_CDC_GetHSCfgDesc
                0x0000000008005590       0x20 ./Middlewares/ST/STM32_USB_Device_Library/Class/CDC/Src/usbd_cdc.o
 .text.USBD_CDC_GetOtherSpeedCfgDesc
                0x00000000080055b0       0x20 ./Middlewares/ST/STM32_USB_Device_Library/Class/CDC/Src/usbd_cdc.o
 .text.USBD_CDC_GetDeviceQualifierDescriptor
                0x00000000080055d0       0x20 ./Middlewares/ST/STM32_USB_Device_Library/Class/CDC/Src/usbd_cdc.o
                0x00000000080055d0                USBD_CDC_GetDeviceQualifierDescriptor
 .text.USBD_CDC_RegisterInterface
                0x00000000080055f0       0x2c ./Middlewares/ST/STM32_USB_Device_Library/Class/CDC/Src/usbd_cdc.o
                0x00000000080055f0                USBD_CDC_RegisterInterface
 .text.USBD_CDC_SetTxBuffer
                0x000000000800561c       0x32 ./Middlewares/ST/STM32_USB_Device_Library/Class/CDC/Src/usbd_cdc.o
                0x000000000800561c                USBD_CDC_SetTxBuffer
 .text.USBD_CDC_SetRxBuffer
                0x000000000800564e       0x26 ./Middlewares/ST/STM32_USB_Device_Library/Class/CDC/Src/usbd_cdc.o
                0x000000000800564e                USBD_CDC_SetRxBuffer
 .text.USBD_CDC_TransmitPacket
                0x0000000008005674       0x5e ./Middlewares/ST/STM32_USB_Device_Library/Class/CDC/Src/usbd_cdc.o
                0x0000000008005674                USBD_CDC_TransmitPacket
 .text.USBD_CDC_ReceivePacket
                0x00000000080056d2       0x54 ./Middlewares/ST/STM32_USB_Device_Library/Class/CDC/Src/usbd_cdc.o
                0x00000000080056d2                USBD_CDC_ReceivePacket
 .text.USBD_Init
                0x0000000008005726       0x56 ./Middlewares/ST/STM32_USB_Device_Library/Core/Src/usbd_core.o
                0x0000000008005726                USBD_Init
 .text.USBD_RegisterClass
                0x000000000800577c       0x32 ./Middlewares/ST/STM32_USB_Device_Library/Core/Src/usbd_core.o
                0x000000000800577c                USBD_RegisterClass
 .text.USBD_Start
                0x00000000080057ae       0x18 ./Middlewares/ST/STM32_USB_Device_Library/Core/Src/usbd_core.o
                0x00000000080057ae                USBD_Start
 .text.USBD_RunTestMode
                0x00000000080057c6       0x14 ./Middlewares/ST/STM32_USB_Device_Library/Core/Src/usbd_core.o
                0x00000000080057c6                USBD_RunTestMode
 .text.USBD_SetClassConfig
                0x00000000080057da       0x3e ./Middlewares/ST/STM32_USB_Device_Library/Core/Src/usbd_core.o
                0x00000000080057da                USBD_SetClassConfig
 .text.USBD_ClrClassConfig
                0x0000000008005818       0x26 ./Middlewares/ST/STM32_USB_Device_Library/Core/Src/usbd_core.o
                0x0000000008005818                USBD_ClrClassConfig
 .text.USBD_LL_SetupStage
                0x000000000800583e       0x9a ./Middlewares/ST/STM32_USB_Device_Library/Core/Src/usbd_core.o
                0x000000000800583e                USBD_LL_SetupStage
 .text.USBD_LL_DataOutStage
                0x00000000080058d8       0xe2 ./Middlewares/ST/STM32_USB_Device_Library/Core/Src/usbd_core.o
                0x00000000080058d8                USBD_LL_DataOutStage
 .text.USBD_LL_DataInStage
                0x00000000080059ba      0x14a ./Middlewares/ST/STM32_USB_Device_Library/Core/Src/usbd_core.o
                0x00000000080059ba                USBD_LL_DataInStage
 .text.USBD_LL_Reset
                0x0000000008005b04       0x82 ./Middlewares/ST/STM32_USB_Device_Library/Core/Src/usbd_core.o
                0x0000000008005b04                USBD_LL_Reset
 .text.USBD_LL_SetSpeed
                0x0000000008005b86       0x1e ./Middlewares/ST/STM32_USB_Device_Library/Core/Src/usbd_core.o
                0x0000000008005b86                USBD_LL_SetSpeed
 .text.USBD_LL_Suspend
                0x0000000008005ba4       0x28 ./Middlewares/ST/STM32_USB_Device_Library/Core/Src/usbd_core.o
                0x0000000008005ba4                USBD_LL_Suspend
 .text.USBD_LL_Resume
                0x0000000008005bcc       0x2a ./Middlewares/ST/STM32_USB_Device_Library/Core/Src/usbd_core.o
                0x0000000008005bcc                USBD_LL_Resume
 .text.USBD_LL_SOF
                0x0000000008005bf6       0x34 ./Middlewares/ST/STM32_USB_Device_Library/Core/Src/usbd_core.o
                0x0000000008005bf6                USBD_LL_SOF
 *fill*         0x0000000008005c2a        0x2 
 .text.USBD_StdDevReq
                0x0000000008005c2c       0xd4 ./Middlewares/ST/STM32_USB_Device_Library/Core/Src/usbd_ctlreq.o
                0x0000000008005c2c                USBD_StdDevReq
 .text.USBD_StdItfReq
                0x0000000008005d00       0x90 ./Middlewares/ST/STM32_USB_Device_Library/Core/Src/usbd_ctlreq.o
                0x0000000008005d00                USBD_StdItfReq
 .text.USBD_StdEPReq
                0x0000000008005d90      0x2c6 ./Middlewares/ST/STM32_USB_Device_Library/Core/Src/usbd_ctlreq.o
                0x0000000008005d90                USBD_StdEPReq
 *fill*         0x0000000008006056        0x2 
 .text.USBD_GetDescriptor
                0x0000000008006058      0x2d0 ./Middlewares/ST/STM32_USB_Device_Library/Core/Src/usbd_ctlreq.o
 .text.USBD_SetAddress
                0x0000000008006328       0x86 ./Middlewares/ST/STM32_USB_Device_Library/Core/Src/usbd_ctlreq.o
 *fill*         0x00000000080063ae        0x2 
 .text.USBD_SetConfig
                0x00000000080063b0      0x11c ./Middlewares/ST/STM32_USB_Device_Library/Core/Src/usbd_ctlreq.o
 .text.USBD_GetConfig
                0x00000000080064cc       0x6a ./Middlewares/ST/STM32_USB_Device_Library/Core/Src/usbd_ctlreq.o
 .text.USBD_GetStatus
                0x0000000008006536       0x66 ./Middlewares/ST/STM32_USB_Device_Library/Core/Src/usbd_ctlreq.o
 .text.USBD_SetFeature
                0x000000000800659c       0x28 ./Middlewares/ST/STM32_USB_Device_Library/Core/Src/usbd_ctlreq.o
 .text.USBD_ClrFeature
                0x00000000080065c4       0x42 ./Middlewares/ST/STM32_USB_Device_Library/Core/Src/usbd_ctlreq.o
 .text.USBD_ParseSetupRequest
                0x0000000008006606       0x78 ./Middlewares/ST/STM32_USB_Device_Library/Core/Src/usbd_ctlreq.o
                0x0000000008006606                USBD_ParseSetupRequest
 .text.USBD_CtlError
                0x000000000800667e       0x22 ./Middlewares/ST/STM32_USB_Device_Library/Core/Src/usbd_ctlreq.o
                0x000000000800667e                USBD_CtlError
 .text.USBD_GetString
                0x00000000080066a0       0x84 ./Middlewares/ST/STM32_USB_Device_Library/Core/Src/usbd_ctlreq.o
                0x00000000080066a0                USBD_GetString
 .text.USBD_GetLen
                0x0000000008006724       0x2e ./Middlewares/ST/STM32_USB_Device_Library/Core/Src/usbd_ctlreq.o
 .text.USBD_CtlSendData
                0x0000000008006752       0x38 ./Middlewares/ST/STM32_USB_Device_Library/Core/Src/usbd_ioreq.o
                0x0000000008006752                USBD_CtlSendData
 .text.USBD_CtlContinueSendData
                0x000000000800678a       0x24 ./Middlewares/ST/STM32_USB_Device_Library/Core/Src/usbd_ioreq.o
                0x000000000800678a                USBD_CtlContinueSendData
 .text.USBD_CtlPrepareRx
                0x00000000080067ae       0x3c ./Middlewares/ST/STM32_USB_Device_Library/Core/Src/usbd_ioreq.o
                0x00000000080067ae                USBD_CtlPrepareRx
 .text.USBD_CtlContinueRx
                0x00000000080067ea       0x24 ./Middlewares/ST/STM32_USB_Device_Library/Core/Src/usbd_ioreq.o
                0x00000000080067ea                USBD_CtlContinueRx
 .text.USBD_CtlSendStatus
                0x000000000800680e       0x26 ./Middlewares/ST/STM32_USB_Device_Library/Core/Src/usbd_ioreq.o
                0x000000000800680e                USBD_CtlSendStatus
 .text.USBD_CtlReceiveStatus
                0x0000000008006834       0x26 ./Middlewares/ST/STM32_USB_Device_Library/Core/Src/usbd_ioreq.o
                0x0000000008006834                USBD_CtlReceiveStatus
 *fill*         0x000000000800685a        0x2 
 .text.MX_USB_DEVICE_Init
                0x000000000800685c       0x60 ./USB_DEVICE/App/usb_device.o
                0x000000000800685c                MX_USB_DEVICE_Init
 .text.CDC_Init_FS
                0x00000000080068bc       0x28 ./USB_DEVICE/App/usbd_cdc_if.o
 .text.CDC_DeInit_FS
                0x00000000080068e4        0xe ./USB_DEVICE/App/usbd_cdc_if.o
 *fill*         0x00000000080068f2        0x2 
 .text.CDC_Control_FS
                0x00000000080068f4       0xbc ./USB_DEVICE/App/usbd_cdc_if.o
 .text.CDC_Receive_FS
                0x00000000080069b0       0x48 ./USB_DEVICE/App/usbd_cdc_if.o
 .text.CDC_Transmit_FS
                0x00000000080069f8       0x4c ./USB_DEVICE/App/usbd_cdc_if.o
                0x00000000080069f8                CDC_Transmit_FS
 .text.USBD_FS_DeviceDescriptor
                0x0000000008006a44       0x24 ./USB_DEVICE/App/usbd_desc.o
                0x0000000008006a44                USBD_FS_DeviceDescriptor
 .text.USBD_FS_LangIDStrDescriptor
                0x0000000008006a68       0x24 ./USB_DEVICE/App/usbd_desc.o
                0x0000000008006a68                USBD_FS_LangIDStrDescriptor
 .text.USBD_FS_ProductStrDescriptor
                0x0000000008006a8c       0x3c ./USB_DEVICE/App/usbd_desc.o
                0x0000000008006a8c                USBD_FS_ProductStrDescriptor
 .text.USBD_FS_ManufacturerStrDescriptor
                0x0000000008006ac8       0x28 ./USB_DEVICE/App/usbd_desc.o
                0x0000000008006ac8                USBD_FS_ManufacturerStrDescriptor
 .text.USBD_FS_SerialStrDescriptor
                0x0000000008006af0       0x24 ./USB_DEVICE/App/usbd_desc.o
                0x0000000008006af0                USBD_FS_SerialStrDescriptor
 .text.USBD_FS_ConfigStrDescriptor
                0x0000000008006b14       0x3c ./USB_DEVICE/App/usbd_desc.o
                0x0000000008006b14                USBD_FS_ConfigStrDescriptor
 .text.USBD_FS_InterfaceStrDescriptor
                0x0000000008006b50       0x3c ./USB_DEVICE/App/usbd_desc.o
                0x0000000008006b50                USBD_FS_InterfaceStrDescriptor
 .text.Get_SerialNum
                0x0000000008006b8c       0x58 ./USB_DEVICE/App/usbd_desc.o
 .text.IntToUnicode
                0x0000000008006be4       0x7c ./USB_DEVICE/App/usbd_desc.o
 .text.HAL_PCD_MspInit
                0x0000000008006c60       0x4c ./USB_DEVICE/Target/usbd_conf.o
                0x0000000008006c60                HAL_PCD_MspInit
 .text.HAL_PCD_SetupStageCallback
                0x0000000008006cac       0x24 ./USB_DEVICE/Target/usbd_conf.o
                0x0000000008006cac                HAL_PCD_SetupStageCallback
 .text.HAL_PCD_DataOutStageCallback
                0x0000000008006cd0       0x36 ./USB_DEVICE/Target/usbd_conf.o
                0x0000000008006cd0                HAL_PCD_DataOutStageCallback
 .text.HAL_PCD_DataInStageCallback
                0x0000000008006d06       0x34 ./USB_DEVICE/Target/usbd_conf.o
                0x0000000008006d06                HAL_PCD_DataInStageCallback
 .text.HAL_PCD_SOFCallback
                0x0000000008006d3a       0x1c ./USB_DEVICE/Target/usbd_conf.o
                0x0000000008006d3a                HAL_PCD_SOFCallback
 .text.HAL_PCD_ResetCallback
                0x0000000008006d56       0x3c ./USB_DEVICE/Target/usbd_conf.o
                0x0000000008006d56                HAL_PCD_ResetCallback
 *fill*         0x0000000008006d92        0x2 
 .text.HAL_PCD_SuspendCallback
                0x0000000008006d94       0x34 ./USB_DEVICE/Target/usbd_conf.o
                0x0000000008006d94                HAL_PCD_SuspendCallback
 .text.HAL_PCD_ResumeCallback
                0x0000000008006dc8       0x1c ./USB_DEVICE/Target/usbd_conf.o
                0x0000000008006dc8                HAL_PCD_ResumeCallback
 .text.USBD_LL_Init
                0x0000000008006de4       0xb4 ./USB_DEVICE/Target/usbd_conf.o
                0x0000000008006de4                USBD_LL_Init
 .text.USBD_LL_Start
                0x0000000008006e98       0x36 ./USB_DEVICE/Target/usbd_conf.o
                0x0000000008006e98                USBD_LL_Start
 .text.USBD_LL_OpenEP
                0x0000000008006ece       0x4c ./USB_DEVICE/Target/usbd_conf.o
                0x0000000008006ece                USBD_LL_OpenEP
 .text.USBD_LL_CloseEP
                0x0000000008006f1a       0x3e ./USB_DEVICE/Target/usbd_conf.o
                0x0000000008006f1a                USBD_LL_CloseEP
 .text.USBD_LL_StallEP
                0x0000000008006f58       0x3e ./USB_DEVICE/Target/usbd_conf.o
                0x0000000008006f58                USBD_LL_StallEP
 .text.USBD_LL_ClearStallEP
                0x0000000008006f96       0x3e ./USB_DEVICE/Target/usbd_conf.o
                0x0000000008006f96                USBD_LL_ClearStallEP
 .text.USBD_LL_IsStallEP
                0x0000000008006fd4       0x56 ./USB_DEVICE/Target/usbd_conf.o
                0x0000000008006fd4                USBD_LL_IsStallEP
 .text.USBD_LL_SetUSBAddress
                0x000000000800702a       0x3e ./USB_DEVICE/Target/usbd_conf.o
                0x000000000800702a                USBD_LL_SetUSBAddress
 .text.USBD_LL_Transmit
                0x0000000008007068       0x46 ./USB_DEVICE/Target/usbd_conf.o
                0x0000000008007068                USBD_LL_Transmit
 .text.USBD_LL_PrepareReceive
                0x00000000080070ae       0x46 ./USB_DEVICE/Target/usbd_conf.o
                0x00000000080070ae                USBD_LL_PrepareReceive
 .text.USBD_LL_GetRxDataSize
                0x00000000080070f4       0x26 ./USB_DEVICE/Target/usbd_conf.o
                0x00000000080070f4                USBD_LL_GetRxDataSize
 *fill*         0x000000000800711a        0x2 
 .text.USBD_static_malloc
                0x000000000800711c       0x18 ./USB_DEVICE/Target/usbd_conf.o
                0x000000000800711c                USBD_static_malloc
 .text.USBD_static_free
                0x0000000008007134       0x12 ./USB_DEVICE/Target/usbd_conf.o
                0x0000000008007134                USBD_static_free
 .text.HAL_PCDEx_SetConnectionState
                0x0000000008007146       0x16 ./USB_DEVICE/Target/usbd_conf.o
                0x0000000008007146                HAL_PCDEx_SetConnectionState
 .text.USBD_Get_USB_Status
                0x000000000800715c       0x58 ./USB_DEVICE/Target/usbd_conf.o
 .text.__libc_init_array
                0x00000000080071b4       0x48 c:/stm/stm32cubeide_1.12.1/stm32cubeide/plugins/com.st.stm32cube.ide.mcu.externaltools.gnu-tools-for-stm32.10.3-2021.10.win32_1.0.200.202301161003/tools/bin/../lib/gcc/arm-none-eabi/10.3.1/../../../../arm-none-eabi/lib/thumb/v7-m/nofp\libc_nano.a(lib_a-init.o)
                0x00000000080071b4                __libc_init_array
 .text.memcpy   0x00000000080071fc       0x1c c:/stm/stm32cubeide_1.12.1/stm32cubeide/plugins/com.st.stm32cube.ide.mcu.externaltools.gnu-tools-for-stm32.10.3-2021.10.win32_1.0.200.202301161003/tools/bin/../lib/gcc/arm-none-eabi/10.3.1/../../../../arm-none-eabi/lib/thumb/v7-m/nofp\libc_nano.a(lib_a-memcpy-stub.o)
                0x00000000080071fc                memcpy
 .text.memset   0x0000000008007218       0x10 c:/stm/stm32cubeide_1.12.1/stm32cubeide/plugins/com.st.stm32cube.ide.mcu.externaltools.gnu-tools-for-stm32.10.3-2021.10.win32_1.0.200.202301161003/tools/bin/../lib/gcc/arm-none-eabi/10.3.1/../../../../arm-none-eabi/lib/thumb/v7-m/nofp\libc_nano.a(lib_a-memset.o)
                0x0000000008007218                memset
 *(.glue_7)
 .glue_7        0x0000000008007228        0x0 linker stubs
 *(.glue_7t)
 .glue_7t       0x0000000008007228        0x0 linker stubs
 *(.eh_frame)
 .eh_frame      0x0000000008007228        0x0 c:/stm/stm32cubeide_1.12.1/stm32cubeide/plugins/com.st.stm32cube.ide.mcu.externaltools.gnu-tools-for-stm32.10.3-2021.10.win32_1.0.200.202301161003/tools/bin/../lib/gcc/arm-none-eabi/10.3.1/thumb/v7-m/nofp/crtbegin.o
 *(.init)
 .init          0x0000000008007228        0x4 c:/stm/stm32cubeide_1.12.1/stm32cubeide/plugins/com.st.stm32cube.ide.mcu.externaltools.gnu-tools-for-stm32.10.3-2021.10.win32_1.0.200.202301161003/tools/bin/../lib/gcc/arm-none-eabi/10.3.1/thumb/v7-m/nofp/crti.o
                0x0000000008007228                _init
 .init          0x000000000800722c        0x8 c:/stm/stm32cubeide_1.12.1/stm32cubeide/plugins/com.st.stm32cube.ide.mcu.externaltools.gnu-tools-for-stm32.10.3-2021.10.win32_1.0.200.202301161003/tools/bin/../lib/gcc/arm-none-eabi/10.3.1/thumb/v7-m/nofp/crtn.o
 *(.fini)
 .fini          0x0000000008007234        0x4 c:/stm/stm32cubeide_1.12.1/stm32cubeide/plugins/com.st.stm32cube.ide.mcu.externaltools.gnu-tools-for-stm32.10.3-2021.10.win32_1.0.200.202301161003/tools/bin/../lib/gcc/arm-none-eabi/10.3.1/thumb/v7-m/nofp/crti.o
                0x0000000008007234                _fini
 .fini          0x0000000008007238        0x8 c:/stm/stm32cubeide_1.12.1/stm32cubeide/plugins/com.st.stm32cube.ide.mcu.externaltools.gnu-tools-for-stm32.10.3-2021.10.win32_1.0.200.202301161003/tools/bin/../lib/gcc/arm-none-eabi/10.3.1/thumb/v7-m/nofp/crtn.o
                0x0000000008007240                . = ALIGN (0x4)
                0x0000000008007240                _etext = .

.vfp11_veneer   0x0000000008007240        0x0
 .vfp11_veneer  0x0000000008007240        0x0 linker stubs

.v4_bx          0x0000000008007240        0x0
 .v4_bx         0x0000000008007240        0x0 linker stubs

.iplt           0x0000000008007240        0x0
 .iplt          0x0000000008007240        0x0 c:/stm/stm32cubeide_1.12.1/stm32cubeide/plugins/com.st.stm32cube.ide.mcu.externaltools.gnu-tools-for-stm32.10.3-2021.10.win32_1.0.200.202301161003/tools/bin/../lib/gcc/arm-none-eabi/10.3.1/thumb/v7-m/nofp/crtbegin.o

.rodata         0x0000000008007240       0x6c
                0x0000000008007240                . = ALIGN (0x4)
 *(.rodata)
 .rodata        0x0000000008007240       0x46 ./USB_DEVICE/App/usbd_desc.o
 *(.rodata*)
 *fill*         0x0000000008007286        0x2 
 .rodata.AHBPrescTable
                0x0000000008007288       0x10 ./Core/Src/system_stm32f1xx.o
                0x0000000008007288                AHBPrescTable
 .rodata.aPLLMULFactorTable.1
                0x0000000008007298       0x10 ./Drivers/STM32F1xx_HAL_Driver/Src/stm32f1xx_hal_rcc.o
 .rodata.aPredivFactorTable.0
                0x00000000080072a8        0x2 ./Drivers/STM32F1xx_HAL_Driver/Src/stm32f1xx_hal_rcc.o
                0x00000000080072ac                . = ALIGN (0x4)
 *fill*         0x00000000080072aa        0x2 

.rel.dyn        0x00000000080072ac        0x0
 .rel.iplt      0x00000000080072ac        0x0 c:/stm/stm32cubeide_1.12.1/stm32cubeide/plugins/com.st.stm32cube.ide.mcu.externaltools.gnu-tools-for-stm32.10.3-2021.10.win32_1.0.200.202301161003/tools/bin/../lib/gcc/arm-none-eabi/10.3.1/thumb/v7-m/nofp/crtbegin.o

.ARM.extab      0x00000000080072ac        0x0
                0x00000000080072ac                . = ALIGN (0x4)
 *(.ARM.extab* .gnu.linkonce.armextab.*)
                0x00000000080072ac                . = ALIGN (0x4)

.ARM            0x00000000080072ac        0x0
                0x00000000080072ac                . = ALIGN (0x4)
                0x00000000080072ac                __exidx_start = .
 *(.ARM.exidx*)
                0x00000000080072ac                __exidx_end = .
                0x00000000080072ac                . = ALIGN (0x4)

.preinit_array  0x00000000080072ac        0x0
                0x00000000080072ac                . = ALIGN (0x4)
                0x00000000080072ac                PROVIDE (__preinit_array_start = .)
 *(.preinit_array*)
                0x00000000080072ac                PROVIDE (__preinit_array_end = .)
                0x00000000080072ac                . = ALIGN (0x4)

.init_array     0x00000000080072ac        0x4
                0x00000000080072ac                . = ALIGN (0x4)
                0x00000000080072ac                PROVIDE (__init_array_start = .)
 *(SORT_BY_NAME(.init_array.*))
 *(.init_array*)
 .init_array    0x00000000080072ac        0x4 c:/stm/stm32cubeide_1.12.1/stm32cubeide/plugins/com.st.stm32cube.ide.mcu.externaltools.gnu-tools-for-stm32.10.3-2021.10.win32_1.0.200.202301161003/tools/bin/../lib/gcc/arm-none-eabi/10.3.1/thumb/v7-m/nofp/crtbegin.o
                0x00000000080072b0                PROVIDE (__init_array_end = .)
                0x00000000080072b0                . = ALIGN (0x4)

.fini_array     0x00000000080072b0        0x4
                0x00000000080072b0                . = ALIGN (0x4)
                [!provide]                        PROVIDE (__fini_array_start = .)
 *(SORT_BY_NAME(.fini_array.*))
 *(.fini_array*)
 .fini_array    0x00000000080072b0        0x4 c:/stm/stm32cubeide_1.12.1/stm32cubeide/plugins/com.st.stm32cube.ide.mcu.externaltools.gnu-tools-for-stm32.10.3-2021.10.win32_1.0.200.202301161003/tools/bin/../lib/gcc/arm-none-eabi/10.3.1/thumb/v7-m/nofp/crtbegin.o
                [!provide]                        PROVIDE (__fini_array_end = .)
                0x00000000080072b4                . = ALIGN (0x4)
                0x00000000080072b4                _sidata = LOADADDR (.data)

.data           0x0000000020000000      0x17c load address 0x00000000080072b4
                0x0000000020000000                . = ALIGN (0x4)
                0x0000000020000000                _sdata = .
 *(.data)
 *(.data*)
 .data.SystemCoreClock
                0x0000000020000000        0x4 ./Core/Src/system_stm32f1xx.o
                0x0000000020000000                SystemCoreClock
 .data.uwTickPrio
                0x0000000020000004        0x4 ./Drivers/STM32F1xx_HAL_Driver/Src/stm32f1xx_hal.o
                0x0000000020000004                uwTickPrio
 .data.uwTickFreq
                0x0000000020000008        0x1 ./Drivers/STM32F1xx_HAL_Driver/Src/stm32f1xx_hal.o
                0x0000000020000008                uwTickFreq
 *fill*         0x0000000020000009        0x3 
 .data.USBD_CDC_DeviceQualifierDesc
                0x000000002000000c        0xa ./Middlewares/ST/STM32_USB_Device_Library/Class/CDC/Src/usbd_cdc.o
 *fill*         0x0000000020000016        0x2 
 .data.USBD_CDC
                0x0000000020000018       0x38 ./Middlewares/ST/STM32_USB_Device_Library/Class/CDC/Src/usbd_cdc.o
                0x0000000020000018                USBD_CDC
 .data.USBD_CDC_CfgHSDesc
                0x0000000020000050       0x43 ./Middlewares/ST/STM32_USB_Device_Library/Class/CDC/Src/usbd_cdc.o
                0x0000000020000050                USBD_CDC_CfgHSDesc
 *fill*         0x0000000020000093        0x1 
 .data.USBD_CDC_CfgFSDesc
                0x0000000020000094       0x43 ./Middlewares/ST/STM32_USB_Device_Library/Class/CDC/Src/usbd_cdc.o
                0x0000000020000094                USBD_CDC_CfgFSDesc
 *fill*         0x00000000200000d7        0x1 
 .data.USBD_CDC_OtherSpeedCfgDesc
                0x00000000200000d8       0x43 ./Middlewares/ST/STM32_USB_Device_Library/Class/CDC/Src/usbd_cdc.o
                0x00000000200000d8                USBD_CDC_OtherSpeedCfgDesc
 *fill*         0x000000002000011b        0x1 
 .data.USBD_Interface_fops_FS
                0x000000002000011c       0x10 ./USB_DEVICE/App/usbd_cdc_if.o
                0x000000002000011c                USBD_Interface_fops_FS
 .data.FS_Desc  0x000000002000012c       0x1c ./USB_DEVICE/App/usbd_desc.o
                0x000000002000012c                FS_Desc
 .data.USBD_FS_DeviceDesc
                0x0000000020000148       0x12 ./USB_DEVICE/App/usbd_desc.o
                0x0000000020000148                USBD_FS_DeviceDesc
 *fill*         0x000000002000015a        0x2 
 .data.USBD_LangIDDesc
                0x000000002000015c        0x4 ./USB_DEVICE/App/usbd_desc.o
                0x000000002000015c                USBD_LangIDDesc
 .data.USBD_StringSerial
                0x0000000020000160       0x1a ./USB_DEVICE/App/usbd_desc.o
                0x0000000020000160                USBD_StringSerial
 *(.RamFunc)
 *(.RamFunc*)
                0x000000002000017c                . = ALIGN (0x4)
 *fill*         0x000000002000017a        0x2 
                0x000000002000017c                _edata = .

.igot.plt       0x000000002000017c        0x0 load address 0x0000000008007430
 .igot.plt      0x000000002000017c        0x0 c:/stm/stm32cubeide_1.12.1/stm32cubeide/plugins/com.st.stm32cube.ide.mcu.externaltools.gnu-tools-for-stm32.10.3-2021.10.win32_1.0.200.202301161003/tools/bin/../lib/gcc/arm-none-eabi/10.3.1/thumb/v7-m/nofp/crtbegin.o
                0x000000002000017c                . = ALIGN (0x4)

.bss            0x000000002000017c     0x1220 load address 0x0000000008007430
                0x000000002000017c                _sbss = .
                0x000000002000017c                __bss_start__ = _sbss
 *(.bss)
 .bss           0x000000002000017c       0x1c c:/stm/stm32cubeide_1.12.1/stm32cubeide/plugins/com.st.stm32cube.ide.mcu.externaltools.gnu-tools-for-stm32.10.3-2021.10.win32_1.0.200.202301161003/tools/bin/../lib/gcc/arm-none-eabi/10.3.1/thumb/v7-m/nofp/crtbegin.o
 *(.bss*)
 .bss.buffer    0x0000000020000198       0x40 ./Core/Src/main.o
                0x0000000020000198                buffer
 .bss.uwTick    0x00000000200001d8        0x4 ./Drivers/STM32F1xx_HAL_Driver/Src/stm32f1xx_hal.o
                0x00000000200001d8                uwTick
 .bss.cfgidx.0  0x00000000200001dc        0x1 ./Middlewares/ST/STM32_USB_Device_Library/Core/Src/usbd_ctlreq.o
 *fill*         0x00000000200001dd        0x3 
 .bss.hUsbDeviceFS
                0x00000000200001e0      0x2c4 ./USB_DEVICE/App/usb_device.o
                0x00000000200001e0                hUsbDeviceFS
 .bss.UserRxBufferFS
                0x00000000200004a4      0x400 ./USB_DEVICE/App/usbd_cdc_if.o
                0x00000000200004a4                UserRxBufferFS
 .bss.UserTxBufferFS
                0x00000000200008a4      0x400 ./USB_DEVICE/App/usbd_cdc_if.o
                0x00000000200008a4                UserTxBufferFS
 .bss.USBD_StrDesc
                0x0000000020000ca4      0x200 ./USB_DEVICE/App/usbd_desc.o
                0x0000000020000ca4                USBD_StrDesc
 .bss.hpcd_USB_FS
                0x0000000020000ea4      0x2d8 ./USB_DEVICE/Target/usbd_conf.o
                0x0000000020000ea4                hpcd_USB_FS
 .bss.mem.0     0x000000002000117c      0x220 ./USB_DEVICE/Target/usbd_conf.o
 *(COMMON)
                0x000000002000139c                . = ALIGN (0x4)
                0x000000002000139c                _ebss = .
                0x000000002000139c                __bss_end__ = _ebss

._user_heap_stack
                0x000000002000139c      0x604 load address 0x0000000008007430
                0x00000000200013a0                . = ALIGN (0x8)
 *fill*         0x000000002000139c        0x4 
                [!provide]                        PROVIDE (end = .)
                0x00000000200013a0                PROVIDE (_end = .)
                0x00000000200015a0                . = (. + _Min_Heap_Size)
 *fill*         0x00000000200013a0      0x200 
                0x00000000200019a0                . = (. + _Min_Stack_Size)
 *fill*         0x00000000200015a0      0x400 
                0x00000000200019a0                . = ALIGN (0x8)

/DISCARD/
 libc.a(*)
 libm.a(*)
 libgcc.a(*)

.ARM.attributes
                0x0000000000000000       0x29
 *(.ARM.attributes)
 .ARM.attributes
                0x0000000000000000       0x1d c:/stm/stm32cubeide_1.12.1/stm32cubeide/plugins/com.st.stm32cube.ide.mcu.externaltools.gnu-tools-for-stm32.10.3-2021.10.win32_1.0.200.202301161003/tools/bin/../lib/gcc/arm-none-eabi/10.3.1/thumb/v7-m/nofp/crti.o
 .ARM.attributes
                0x000000000000001d       0x2d c:/stm/stm32cubeide_1.12.1/stm32cubeide/plugins/com.st.stm32cube.ide.mcu.externaltools.gnu-tools-for-stm32.10.3-2021.10.win32_1.0.200.202301161003/tools/bin/../lib/gcc/arm-none-eabi/10.3.1/thumb/v7-m/nofp/crtbegin.o
 .ARM.attributes
                0x000000000000004a       0x2d ./Core/Src/main.o
 .ARM.attributes
                0x0000000000000077       0x2d ./Core/Src/stm32f1xx_hal_msp.o
 .ARM.attributes
                0x00000000000000a4       0x2d ./Core/Src/stm32f1xx_it.o
 .ARM.attributes
                0x00000000000000d1       0x2d ./Core/Src/system_stm32f1xx.o
 .ARM.attributes
                0x00000000000000fe       0x21 ./Core/Startup/startup_stm32f103c8tx.o
 .ARM.attributes
                0x000000000000011f       0x2d ./Drivers/STM32F1xx_HAL_Driver/Src/stm32f1xx_hal.o
 .ARM.attributes
                0x000000000000014c       0x2d ./Drivers/STM32F1xx_HAL_Driver/Src/stm32f1xx_hal_cortex.o
 .ARM.attributes
                0x0000000000000179       0x2d ./Drivers/STM32F1xx_HAL_Driver/Src/stm32f1xx_hal_pcd.o
 .ARM.attributes
                0x00000000000001a6       0x2d ./Drivers/STM32F1xx_HAL_Driver/Src/stm32f1xx_hal_pcd_ex.o
 .ARM.attributes
                0x00000000000001d3       0x2d ./Drivers/STM32F1xx_HAL_Driver/Src/stm32f1xx_hal_rcc.o
 .ARM.attributes
                0x0000000000000200       0x2d ./Drivers/STM32F1xx_HAL_Driver/Src/stm32f1xx_hal_rcc_ex.o
 .ARM.attributes
                0x000000000000022d       0x2d ./Drivers/STM32F1xx_HAL_Driver/Src/stm32f1xx_ll_usb.o
 .ARM.attributes
                0x000000000000025a       0x2d ./Middlewares/ST/STM32_USB_Device_Library/Class/CDC/Src/usbd_cdc.o
 .ARM.attributes
                0x0000000000000287       0x2d ./Middlewares/ST/STM32_USB_Device_Library/Core/Src/usbd_core.o
 .ARM.attributes
                0x00000000000002b4       0x2d ./Middlewares/ST/STM32_USB_Device_Library/Core/Src/usbd_ctlreq.o
 .ARM.attributes
                0x00000000000002e1       0x2d ./Middlewares/ST/STM32_USB_Device_Library/Core/Src/usbd_ioreq.o
 .ARM.attributes
                0x000000000000030e       0x2d ./USB_DEVICE/App/usb_device.o
 .ARM.attributes
                0x000000000000033b       0x2d ./USB_DEVICE/App/usbd_cdc_if.o
 .ARM.attributes
                0x0000000000000368       0x2d ./USB_DEVICE/App/usbd_desc.o
 .ARM.attributes
                0x0000000000000395       0x2d ./USB_DEVICE/Target/usbd_conf.o
 .ARM.attributes
                0x00000000000003c2       0x2d c:/stm/stm32cubeide_1.12.1/stm32cubeide/plugins/com.st.stm32cube.ide.mcu.externaltools.gnu-tools-for-stm32.10.3-2021.10.win32_1.0.200.202301161003/tools/bin/../lib/gcc/arm-none-eabi/10.3.1/../../../../arm-none-eabi/lib/thumb/v7-m/nofp\libc_nano.a(lib_a-init.o)
 .ARM.attributes
                0x00000000000003ef       0x2d c:/stm/stm32cubeide_1.12.1/stm32cubeide/plugins/com.st.stm32cube.ide.mcu.externaltools.gnu-tools-for-stm32.10.3-2021.10.win32_1.0.200.202301161003/tools/bin/../lib/gcc/arm-none-eabi/10.3.1/../../../../arm-none-eabi/lib/thumb/v7-m/nofp\libc_nano.a(lib_a-memcpy-stub.o)
 .ARM.attributes
                0x000000000000041c       0x2d c:/stm/stm32cubeide_1.12.1/stm32cubeide/plugins/com.st.stm32cube.ide.mcu.externaltools.gnu-tools-for-stm32.10.3-2021.10.win32_1.0.200.202301161003/tools/bin/../lib/gcc/arm-none-eabi/10.3.1/../../../../arm-none-eabi/lib/thumb/v7-m/nofp\libc_nano.a(lib_a-memset.o)
 .ARM.attributes
                0x0000000000000449       0x1d c:/stm/stm32cubeide_1.12.1/stm32cubeide/plugins/com.st.stm32cube.ide.mcu.externaltools.gnu-tools-for-stm32.10.3-2021.10.win32_1.0.200.202301161003/tools/bin/../lib/gcc/arm-none-eabi/10.3.1/thumb/v7-m/nofp/crtn.o
OUTPUT(echo_test.elf elf32-littlearm)
LOAD linker stubs
LOAD c:/stm/stm32cubeide_1.12.1/stm32cubeide/plugins/com.st.stm32cube.ide.mcu.externaltools.gnu-tools-for-stm32.10.3-2021.10.win32_1.0.200.202301161003/tools/bin/../lib/gcc/arm-none-eabi/10.3.1/../../../../arm-none-eabi/lib/thumb/v7-m/nofp\libc.a
LOAD c:/stm/stm32cubeide_1.12.1/stm32cubeide/plugins/com.st.stm32cube.ide.mcu.externaltools.gnu-tools-for-stm32.10.3-2021.10.win32_1.0.200.202301161003/tools/bin/../lib/gcc/arm-none-eabi/10.3.1/../../../../arm-none-eabi/lib/thumb/v7-m/nofp\libm.a
LOAD c:/stm/stm32cubeide_1.12.1/stm32cubeide/plugins/com.st.stm32cube.ide.mcu.externaltools.gnu-tools-for-stm32.10.3-2021.10.win32_1.0.200.202301161003/tools/bin/../lib/gcc/arm-none-eabi/10.3.1/thumb/v7-m/nofp\libgcc.a

.debug_info     0x0000000000000000     0xbf89
 .debug_info    0x0000000000000000      0x458 ./Core/Src/main.o
 .debug_info    0x0000000000000458      0x210 ./Core/Src/stm32f1xx_hal_msp.o
 .debug_info    0x0000000000000668      0x660 ./Core/Src/stm32f1xx_it.o
 .debug_info    0x0000000000000cc8      0x23d ./Core/Src/system_stm32f1xx.o
 .debug_info    0x0000000000000f05       0x22 ./Core/Startup/startup_stm32f103c8tx.o
 .debug_info    0x0000000000000f27      0x734 ./Drivers/STM32F1xx_HAL_Driver/Src/stm32f1xx_hal.o
 .debug_info    0x000000000000165b      0xb20 ./Drivers/STM32F1xx_HAL_Driver/Src/stm32f1xx_hal_cortex.o
 .debug_info    0x000000000000217b     0x183b ./Drivers/STM32F1xx_HAL_Driver/Src/stm32f1xx_hal_pcd.o
 .debug_info    0x00000000000039b6      0x727 ./Drivers/STM32F1xx_HAL_Driver/Src/stm32f1xx_hal_pcd_ex.o
 .debug_info    0x00000000000040dd      0x865 ./Drivers/STM32F1xx_HAL_Driver/Src/stm32f1xx_hal_rcc.o
 .debug_info    0x0000000000004942      0x3e6 ./Drivers/STM32F1xx_HAL_Driver/Src/stm32f1xx_hal_rcc_ex.o
 .debug_info    0x0000000000004d28     0x18e5 ./Drivers/STM32F1xx_HAL_Driver/Src/stm32f1xx_ll_usb.o
 .debug_info    0x000000000000660d     0x10f0 ./Middlewares/ST/STM32_USB_Device_Library/Class/CDC/Src/usbd_cdc.o
 .debug_info    0x00000000000076fd      0xb02 ./Middlewares/ST/STM32_USB_Device_Library/Core/Src/usbd_core.o
 .debug_info    0x00000000000081ff      0x9b6 ./Middlewares/ST/STM32_USB_Device_Library/Core/Src/usbd_ctlreq.o
 .debug_info    0x0000000000008bb5      0x715 ./Middlewares/ST/STM32_USB_Device_Library/Core/Src/usbd_ioreq.o
 .debug_info    0x00000000000092ca      0x679 ./USB_DEVICE/App/usb_device.o
 .debug_info    0x0000000000009943      0x883 ./USB_DEVICE/App/usbd_cdc_if.o
 .debug_info    0x000000000000a1c6      0x484 ./USB_DEVICE/App/usbd_desc.o
 .debug_info    0x000000000000a64a     0x193f ./USB_DEVICE/Target/usbd_conf.o

.debug_abbrev   0x0000000000000000     0x2681
 .debug_abbrev  0x0000000000000000      0x1f9 ./Core/Src/main.o
 .debug_abbrev  0x00000000000001f9       0xd4 ./Core/Src/stm32f1xx_hal_msp.o
 .debug_abbrev  0x00000000000002cd      0x188 ./Core/Src/stm32f1xx_it.o
 .debug_abbrev  0x0000000000000455      0x13b ./Core/Src/system_stm32f1xx.o
 .debug_abbrev  0x0000000000000590       0x12 ./Core/Startup/startup_stm32f103c8tx.o
 .debug_abbrev  0x00000000000005a2      0x1fb ./Drivers/STM32F1xx_HAL_Driver/Src/stm32f1xx_hal.o
 .debug_abbrev  0x000000000000079d      0x2ed ./Drivers/STM32F1xx_HAL_Driver/Src/stm32f1xx_hal_cortex.o
 .debug_abbrev  0x0000000000000a8a      0x2c0 ./Drivers/STM32F1xx_HAL_Driver/Src/stm32f1xx_hal_pcd.o
 .debug_abbrev  0x0000000000000d4a      0x17f ./Drivers/STM32F1xx_HAL_Driver/Src/stm32f1xx_hal_pcd_ex.o
 .debug_abbrev  0x0000000000000ec9      0x2a8 ./Drivers/STM32F1xx_HAL_Driver/Src/stm32f1xx_hal_rcc.o
 .debug_abbrev  0x0000000000001171      0x182 ./Drivers/STM32F1xx_HAL_Driver/Src/stm32f1xx_hal_rcc_ex.o
 .debug_abbrev  0x00000000000012f3      0x1d4 ./Drivers/STM32F1xx_HAL_Driver/Src/stm32f1xx_ll_usb.o
 .debug_abbrev  0x00000000000014c7      0x2c0 ./Middlewares/ST/STM32_USB_Device_Library/Class/CDC/Src/usbd_cdc.o
 .debug_abbrev  0x0000000000001787      0x236 ./Middlewares/ST/STM32_USB_Device_Library/Core/Src/usbd_core.o
 .debug_abbrev  0x00000000000019bd      0x257 ./Middlewares/ST/STM32_USB_Device_Library/Core/Src/usbd_ctlreq.o
 .debug_abbrev  0x0000000000001c14      0x183 ./Middlewares/ST/STM32_USB_Device_Library/Core/Src/usbd_ioreq.o
 .debug_abbrev  0x0000000000001d97      0x183 ./USB_DEVICE/App/usb_device.o
 .debug_abbrev  0x0000000000001f1a      0x268 ./USB_DEVICE/App/usbd_cdc_if.o
 .debug_abbrev  0x0000000000002182      0x1fa ./USB_DEVICE/App/usbd_desc.o
 .debug_abbrev  0x000000000000237c      0x305 ./USB_DEVICE/Target/usbd_conf.o

.debug_aranges  0x0000000000000000      0xa18
 .debug_aranges
                0x0000000000000000       0x38 ./Core/Src/main.o
 .debug_aranges
                0x0000000000000038       0x20 ./Core/Src/stm32f1xx_hal_msp.o
 .debug_aranges
                0x0000000000000058       0x68 ./Core/Src/stm32f1xx_it.o
 .debug_aranges
                0x00000000000000c0       0x28 ./Core/Src/system_stm32f1xx.o
 .debug_aranges
                0x00000000000000e8       0x28 ./Core/Startup/startup_stm32f103c8tx.o
 .debug_aranges
                0x0000000000000110       0xe0 ./Drivers/STM32F1xx_HAL_Driver/Src/stm32f1xx_hal.o
 .debug_aranges
                0x00000000000001f0      0x100 ./Drivers/STM32F1xx_HAL_Driver/Src/stm32f1xx_hal_cortex.o
 .debug_aranges
                0x00000000000002f0      0x140 ./Drivers/STM32F1xx_HAL_Driver/Src/stm32f1xx_hal_pcd.o
 .debug_aranges
                0x0000000000000430       0x38 ./Drivers/STM32F1xx_HAL_Driver/Src/stm32f1xx_hal_pcd_ex.o
 .debug_aranges
                0x0000000000000468       0x90 ./Drivers/STM32F1xx_HAL_Driver/Src/stm32f1xx_hal_rcc.o
 .debug_aranges
                0x00000000000004f8       0x30 ./Drivers/STM32F1xx_HAL_Driver/Src/stm32f1xx_hal_rcc_ex.o
 .debug_aranges
                0x0000000000000528       0xf8 ./Drivers/STM32F1xx_HAL_Driver/Src/stm32f1xx_ll_usb.o
 .debug_aranges
                0x0000000000000620       0x90 ./Middlewares/ST/STM32_USB_Device_Library/Class/CDC/Src/usbd_cdc.o
 .debug_aranges
                0x00000000000006b0       0xb8 ./Middlewares/ST/STM32_USB_Device_Library/Core/Src/usbd_core.o
 .debug_aranges
                0x0000000000000768       0x88 ./Middlewares/ST/STM32_USB_Device_Library/Core/Src/usbd_ctlreq.o
 .debug_aranges
                0x00000000000007f0       0x50 ./Middlewares/ST/STM32_USB_Device_Library/Core/Src/usbd_ioreq.o
 .debug_aranges
                0x0000000000000840       0x20 ./USB_DEVICE/App/usb_device.o
 .debug_aranges
                0x0000000000000860       0x40 ./USB_DEVICE/App/usbd_cdc_if.o
 .debug_aranges
                0x00000000000008a0       0x60 ./USB_DEVICE/App/usbd_desc.o
 .debug_aranges
                0x0000000000000900      0x118 ./USB_DEVICE/Target/usbd_conf.o

.debug_ranges   0x0000000000000000      0x8e0
 .debug_ranges  0x0000000000000000       0x28 ./Core/Src/main.o
 .debug_ranges  0x0000000000000028       0x10 ./Core/Src/stm32f1xx_hal_msp.o
 .debug_ranges  0x0000000000000038       0x58 ./Core/Src/stm32f1xx_it.o
 .debug_ranges  0x0000000000000090       0x18 ./Core/Src/system_stm32f1xx.o
 .debug_ranges  0x00000000000000a8       0x20 ./Core/Startup/startup_stm32f103c8tx.o
 .debug_ranges  0x00000000000000c8       0xd0 ./Drivers/STM32F1xx_HAL_Driver/Src/stm32f1xx_hal.o
 .debug_ranges  0x0000000000000198       0xf0 ./Drivers/STM32F1xx_HAL_Driver/Src/stm32f1xx_hal_cortex.o
 .debug_ranges  0x0000000000000288      0x130 ./Drivers/STM32F1xx_HAL_Driver/Src/stm32f1xx_hal_pcd.o
 .debug_ranges  0x00000000000003b8       0x28 ./Drivers/STM32F1xx_HAL_Driver/Src/stm32f1xx_hal_pcd_ex.o
 .debug_ranges  0x00000000000003e0       0x80 ./Drivers/STM32F1xx_HAL_Driver/Src/stm32f1xx_hal_rcc.o
 .debug_ranges  0x0000000000000460       0x20 ./Drivers/STM32F1xx_HAL_Driver/Src/stm32f1xx_hal_rcc_ex.o
 .debug_ranges  0x0000000000000480       0xe8 ./Drivers/STM32F1xx_HAL_Driver/Src/stm32f1xx_ll_usb.o
 .debug_ranges  0x0000000000000568       0x80 ./Middlewares/ST/STM32_USB_Device_Library/Class/CDC/Src/usbd_cdc.o
 .debug_ranges  0x00000000000005e8       0xa8 ./Middlewares/ST/STM32_USB_Device_Library/Core/Src/usbd_core.o
 .debug_ranges  0x0000000000000690       0x78 ./Middlewares/ST/STM32_USB_Device_Library/Core/Src/usbd_ctlreq.o
 .debug_ranges  0x0000000000000708       0x40 ./Middlewares/ST/STM32_USB_Device_Library/Core/Src/usbd_ioreq.o
 .debug_ranges  0x0000000000000748       0x10 ./USB_DEVICE/App/usb_device.o
 .debug_ranges  0x0000000000000758       0x30 ./USB_DEVICE/App/usbd_cdc_if.o
 .debug_ranges  0x0000000000000788       0x50 ./USB_DEVICE/App/usbd_desc.o
 .debug_ranges  0x00000000000007d8      0x108 ./USB_DEVICE/Target/usbd_conf.o

.debug_macro    0x0000000000000000    0x1942b
 .debug_macro   0x0000000000000000      0x3eb ./Core/Src/main.o
 .debug_macro   0x00000000000003eb      0xa6c ./Core/Src/main.o
 .debug_macro   0x0000000000000e57      0x215 ./Core/Src/main.o
 .debug_macro   0x000000000000106c       0x2e ./Core/Src/main.o
 .debug_macro   0x000000000000109a       0x22 ./Core/Src/main.o
 .debug_macro   0x00000000000010bc       0x22 ./Core/Src/main.o
 .debug_macro   0x00000000000010de       0x8e ./Core/Src/main.o
 .debug_macro   0x000000000000116c       0x51 ./Core/Src/main.o
 .debug_macro   0x00000000000011bd      0x103 ./Core/Src/main.o
 .debug_macro   0x00000000000012c0       0x6a ./Core/Src/main.o
 .debug_macro   0x000000000000132a      0x1df ./Core/Src/main.o
 .debug_macro   0x0000000000001509       0x1c ./Core/Src/main.o
 .debug_macro   0x0000000000001525       0x22 ./Core/Src/main.o
 .debug_macro   0x0000000000001547       0xbd ./Core/Src/main.o
 .debug_macro   0x0000000000001604      0xd23 ./Core/Src/main.o
 .debug_macro   0x0000000000002327     0xe09e ./Core/Src/main.o
 .debug_macro   0x00000000000103c5       0x6d ./Core/Src/main.o
 .debug_macro   0x0000000000010432     0x34a2 ./Core/Src/main.o
 .debug_macro   0x00000000000138d4      0x174 ./Core/Src/main.o
 .debug_macro   0x0000000000013a48       0x5c ./Core/Src/main.o
 .debug_macro   0x0000000000013aa4      0x5bc ./Core/Src/main.o
 .debug_macro   0x0000000000014060      0x289 ./Core/Src/main.o
 .debug_macro   0x00000000000142e9      0x1cb ./Core/Src/main.o
 .debug_macro   0x00000000000144b4      0x114 ./Core/Src/main.o
 .debug_macro   0x00000000000145c8      0x1b2 ./Core/Src/main.o
 .debug_macro   0x000000000001477a       0x27 ./Core/Src/main.o
 .debug_macro   0x00000000000147a1      0x136 ./Core/Src/main.o
 .debug_macro   0x00000000000148d7      0x1bc ./Core/Src/main.o
 .debug_macro   0x0000000000014a93       0x34 ./Core/Src/main.o
 .debug_macro   0x0000000000014ac7       0x3c ./Core/Src/main.o
 .debug_macro   0x0000000000014b03       0x57 ./Core/Src/main.o
 .debug_macro   0x0000000000014b5a       0x87 ./Core/Src/main.o
 .debug_macro   0x0000000000014be1      0x240 ./Core/Src/main.o
 .debug_macro   0x0000000000014e21      0x140 ./Core/Src/main.o
 .debug_macro   0x0000000000014f61       0xb7 ./Core/Src/main.o
 .debug_macro   0x0000000000015018      0x242 ./Core/Src/main.o
 .debug_macro   0x000000000001525a       0x83 ./Core/Src/main.o
 .debug_macro   0x00000000000152dd       0x52 ./Core/Src/main.o
 .debug_macro   0x000000000001532f       0x18 ./Core/Src/main.o
 .debug_macro   0x0000000000015347       0x3c ./Core/Src/main.o
 .debug_macro   0x0000000000015383       0x34 ./Core/Src/main.o
 .debug_macro   0x00000000000153b7       0x16 ./Core/Src/main.o
 .debug_macro   0x00000000000153cd       0x35 ./Core/Src/main.o
 .debug_macro   0x0000000000015402      0x341 ./Core/Src/main.o
 .debug_macro   0x0000000000015743       0x10 ./Core/Src/main.o
 .debug_macro   0x0000000000015753       0x16 ./Core/Src/main.o
 .debug_macro   0x0000000000015769       0x43 ./Core/Src/main.o
 .debug_macro   0x00000000000157ac       0x34 ./Core/Src/main.o
 .debug_macro   0x00000000000157e0       0x10 ./Core/Src/main.o
 .debug_macro   0x00000000000157f0       0x58 ./Core/Src/main.o
 .debug_macro   0x0000000000015848       0x71 ./Core/Src/main.o
 .debug_macro   0x00000000000158b9       0x1c ./Core/Src/main.o
 .debug_macro   0x00000000000158d5      0x12a ./Core/Src/main.o
 .debug_macro   0x00000000000159ff       0x10 ./Core/Src/main.o
 .debug_macro   0x0000000000015a0f       0x1c ./Core/Src/main.o
 .debug_macro   0x0000000000015a2b       0x52 ./Core/Src/main.o
 .debug_macro   0x0000000000015a7d       0x22 ./Core/Src/main.o
 .debug_macro   0x0000000000015a9f       0x10 ./Core/Src/main.o
 .debug_macro   0x0000000000015aaf       0x52 ./Core/Src/main.o
 .debug_macro   0x0000000000015b01       0xd5 ./Core/Src/main.o
 .debug_macro   0x0000000000015bd6       0x1c ./Core/Src/main.o
 .debug_macro   0x0000000000015bf2       0x3d ./Core/Src/main.o
 .debug_macro   0x0000000000015c2f       0x16 ./Core/Src/main.o
 .debug_macro   0x0000000000015c45      0x145 ./Core/Src/main.o
 .debug_macro   0x0000000000015d8a       0x16 ./Core/Src/main.o
 .debug_macro   0x0000000000015da0       0x16 ./Core/Src/main.o
 .debug_macro   0x0000000000015db6       0x29 ./Core/Src/main.o
 .debug_macro   0x0000000000015ddf       0x16 ./Core/Src/main.o
 .debug_macro   0x0000000000015df5       0x20 ./Core/Src/main.o
 .debug_macro   0x0000000000015e15       0x5f ./Core/Src/main.o
 .debug_macro   0x0000000000015e74      0x1c8 ./Core/Src/main.o
 .debug_macro   0x000000000001603c       0x8f ./Core/Src/main.o
 .debug_macro   0x00000000000160cb       0x10 ./Core/Src/main.o
 .debug_macro   0x00000000000160db      0x1b2 ./Core/Src/stm32f1xx_hal_msp.o
 .debug_macro   0x000000000001628d      0x1bc ./Core/Src/stm32f1xx_it.o
 .debug_macro   0x0000000000016449      0x1a8 ./Core/Src/system_stm32f1xx.o
 .debug_macro   0x00000000000165f1      0x1cc ./Drivers/STM32F1xx_HAL_Driver/Src/stm32f1xx_hal.o
 .debug_macro   0x00000000000167bd      0x1a8 ./Drivers/STM32F1xx_HAL_Driver/Src/stm32f1xx_hal_cortex.o
 .debug_macro   0x0000000000016965      0x1b4 ./Drivers/STM32F1xx_HAL_Driver/Src/stm32f1xx_hal_pcd.o
 .debug_macro   0x0000000000016b19      0x1a8 ./Drivers/STM32F1xx_HAL_Driver/Src/stm32f1xx_hal_pcd_ex.o
 .debug_macro   0x0000000000016cc1      0x1ba ./Drivers/STM32F1xx_HAL_Driver/Src/stm32f1xx_hal_rcc.o
 .debug_macro   0x0000000000016e7b      0x1a8 ./Drivers/STM32F1xx_HAL_Driver/Src/stm32f1xx_hal_rcc_ex.o
 .debug_macro   0x0000000000017023      0x1a8 ./Drivers/STM32F1xx_HAL_Driver/Src/stm32f1xx_ll_usb.o
 .debug_macro   0x00000000000171cb      0x3c8 ./Middlewares/ST/STM32_USB_Device_Library/Class/CDC/Src/usbd_cdc.o
 .debug_macro   0x0000000000017593       0x97 ./Middlewares/ST/STM32_USB_Device_Library/Class/CDC/Src/usbd_cdc.o
 .debug_macro   0x000000000001762a       0xfd ./Middlewares/ST/STM32_USB_Device_Library/Class/CDC/Src/usbd_cdc.o
 .debug_macro   0x0000000000017727       0x56 ./Middlewares/ST/STM32_USB_Device_Library/Class/CDC/Src/usbd_cdc.o
 .debug_macro   0x000000000001777d      0x3af ./Middlewares/ST/STM32_USB_Device_Library/Core/Src/usbd_core.o
 .debug_macro   0x0000000000017b2c      0x1ce ./Middlewares/ST/STM32_USB_Device_Library/Core/Src/usbd_core.o
 .debug_macro   0x0000000000017cfa      0x3b9 ./Middlewares/ST/STM32_USB_Device_Library/Core/Src/usbd_ctlreq.o
 .debug_macro   0x00000000000180b3      0x3b5 ./Middlewares/ST/STM32_USB_Device_Library/Core/Src/usbd_ioreq.o
 .debug_macro   0x0000000000018468      0x3f4 ./USB_DEVICE/App/usb_device.o
 .debug_macro   0x000000000001885c       0x22 ./USB_DEVICE/App/usb_device.o
 .debug_macro   0x000000000001887e      0x3d3 ./USB_DEVICE/App/usbd_cdc_if.o
 .debug_macro   0x0000000000018c51      0x3ec ./USB_DEVICE/App/usbd_desc.o
 .debug_macro   0x000000000001903d       0x1c ./USB_DEVICE/App/usbd_desc.o
 .debug_macro   0x0000000000019059      0x3d2 ./USB_DEVICE/Target/usbd_conf.o

.debug_line     0x0000000000000000     0xd47f
 .debug_line    0x0000000000000000      0xa5b ./Core/Src/main.o
 .debug_line    0x0000000000000a5b      0x67c ./Core/Src/stm32f1xx_hal_msp.o
 .debug_line    0x00000000000010d7      0x756 ./Core/Src/stm32f1xx_it.o
 .debug_line    0x000000000000182d      0x6fa ./Core/Src/system_stm32f1xx.o
 .debug_line    0x0000000000001f27       0x86 ./Core/Startup/startup_stm32f103c8tx.o
 .debug_line    0x0000000000001fad      0x927 ./Drivers/STM32F1xx_HAL_Driver/Src/stm32f1xx_hal.o
 .debug_line    0x00000000000028d4      0xb0f ./Drivers/STM32F1xx_HAL_Driver/Src/stm32f1xx_hal_cortex.o
 .debug_line    0x00000000000033e3     0x1352 ./Drivers/STM32F1xx_HAL_Driver/Src/stm32f1xx_hal_pcd.o
 .debug_line    0x0000000000004735      0x6f5 ./Drivers/STM32F1xx_HAL_Driver/Src/stm32f1xx_hal_pcd_ex.o
 .debug_line    0x0000000000004e2a      0xd33 ./Drivers/STM32F1xx_HAL_Driver/Src/stm32f1xx_hal_rcc.o
 .debug_line    0x0000000000005b5d      0x86e ./Drivers/STM32F1xx_HAL_Driver/Src/stm32f1xx_hal_rcc_ex.o
 .debug_line    0x00000000000063cb      0xfdc ./Drivers/STM32F1xx_HAL_Driver/Src/stm32f1xx_ll_usb.o
 .debug_line    0x00000000000073a7      0xd09 ./Middlewares/ST/STM32_USB_Device_Library/Class/CDC/Src/usbd_cdc.o
 .debug_line    0x00000000000080b0      0xd89 ./Middlewares/ST/STM32_USB_Device_Library/Core/Src/usbd_core.o
 .debug_line    0x0000000000008e39      0xfab ./Middlewares/ST/STM32_USB_Device_Library/Core/Src/usbd_ctlreq.o
 .debug_line    0x0000000000009de4      0xa1f ./Middlewares/ST/STM32_USB_Device_Library/Core/Src/usbd_ioreq.o
 .debug_line    0x000000000000a803      0x9df ./USB_DEVICE/App/usb_device.o
 .debug_line    0x000000000000b1e2      0xa31 ./USB_DEVICE/App/usbd_cdc_if.o
 .debug_line    0x000000000000bc13      0xaa8 ./USB_DEVICE/App/usbd_desc.o
 .debug_line    0x000000000000c6bb      0xdc4 ./USB_DEVICE/Target/usbd_conf.o

.debug_str      0x0000000000000000    0x847d9
 .debug_str     0x0000000000000000    0x8203c ./Core/Src/main.o
                                      0x823d2 (size before relaxing)
 .debug_str     0x000000000008203c       0x5a ./Core/Src/stm32f1xx_hal_msp.o
                                      0x7d605 (size before relaxing)
 .debug_str     0x0000000000082096      0x41e ./Core/Src/stm32f1xx_it.o
                                      0x7d9e4 (size before relaxing)
 .debug_str     0x00000000000824b4       0x7e ./Core/Src/system_stm32f1xx.o
                                      0x7d630 (size before relaxing)
 .debug_str     0x0000000000082532       0x36 ./Core/Startup/startup_stm32f103c8tx.o
                                         0x75 (size before relaxing)
 .debug_str     0x0000000000082568      0x607 ./Drivers/STM32F1xx_HAL_Driver/Src/stm32f1xx_hal.o
                                      0x7dd63 (size before relaxing)
 .debug_str     0x0000000000082b6f      0x293 ./Drivers/STM32F1xx_HAL_Driver/Src/stm32f1xx_hal_cortex.o
                                      0x7dcaf (size before relaxing)
 .debug_str     0x0000000000082e02      0x5da ./Drivers/STM32F1xx_HAL_Driver/Src/stm32f1xx_hal_pcd.o
                                      0x7df4d (size before relaxing)
 .debug_str     0x00000000000833dc      0x170 ./Drivers/STM32F1xx_HAL_Driver/Src/stm32f1xx_hal_pcd_ex.o
                                      0x7daaf (size before relaxing)
 .debug_str     0x000000000008354c      0x264 ./Drivers/STM32F1xx_HAL_Driver/Src/stm32f1xx_hal_rcc.o
                                      0x7da5f (size before relaxing)
 .debug_str     0x00000000000837b0       0x9f ./Drivers/STM32F1xx_HAL_Driver/Src/stm32f1xx_hal_rcc_ex.o
                                      0x7d7af (size before relaxing)
 .debug_str     0x000000000008384f      0x129 ./Drivers/STM32F1xx_HAL_Driver/Src/stm32f1xx_ll_usb.o
                                      0x7db01 (size before relaxing)
 .debug_str     0x0000000000083978      0x645 ./Middlewares/ST/STM32_USB_Device_Library/Class/CDC/Src/usbd_cdc.o
                                      0x82b57 (size before relaxing)
 .debug_str     0x0000000000083fbd      0x281 ./Middlewares/ST/STM32_USB_Device_Library/Core/Src/usbd_core.o
                                      0x82487 (size before relaxing)
 .debug_str     0x000000000008423e      0x120 ./Middlewares/ST/STM32_USB_Device_Library/Core/Src/usbd_ctlreq.o
                                      0x823a1 (size before relaxing)
 .debug_str     0x000000000008435e       0x51 ./Middlewares/ST/STM32_USB_Device_Library/Core/Src/usbd_ioreq.o
                                      0x822ce (size before relaxing)
 .debug_str     0x00000000000843af       0xc6 ./USB_DEVICE/App/usb_device.o
                                      0x82659 (size before relaxing)
 .debug_str     0x0000000000084475       0x94 ./USB_DEVICE/App/usbd_cdc_if.o
                                      0x82694 (size before relaxing)
 .debug_str     0x0000000000084509      0x258 ./USB_DEVICE/App/usbd_desc.o
                                      0x8220a (size before relaxing)
 .debug_str     0x0000000000084761       0x78 ./USB_DEVICE/Target/usbd_conf.o
                                      0x830e4 (size before relaxing)

.comment        0x0000000000000000       0x50
 .comment       0x0000000000000000       0x50 ./Core/Src/main.o
                                         0x51 (size before relaxing)
 .comment       0x0000000000000050       0x51 ./Core/Src/stm32f1xx_hal_msp.o
 .comment       0x0000000000000050       0x51 ./Core/Src/stm32f1xx_it.o
 .comment       0x0000000000000050       0x51 ./Core/Src/system_stm32f1xx.o
 .comment       0x0000000000000050       0x51 ./Drivers/STM32F1xx_HAL_Driver/Src/stm32f1xx_hal.o
 .comment       0x0000000000000050       0x51 ./Drivers/STM32F1xx_HAL_Driver/Src/stm32f1xx_hal_cortex.o
 .comment       0x0000000000000050       0x51 ./Drivers/STM32F1xx_HAL_Driver/Src/stm32f1xx_hal_pcd.o
 .comment       0x0000000000000050       0x51 ./Drivers/STM32F1xx_HAL_Driver/Src/stm32f1xx_hal_pcd_ex.o
 .comment       0x0000000000000050       0x51 ./Drivers/STM32F1xx_HAL_Driver/Src/stm32f1xx_hal_rcc.o
 .comment       0x0000000000000050       0x51 ./Drivers/STM32F1xx_HAL_Driver/Src/stm32f1xx_hal_rcc_ex.o
 .comment       0x0000000000000050       0x51 ./Drivers/STM32F1xx_HAL_Driver/Src/stm32f1xx_ll_usb.o
 .comment       0x0000000000000050       0x51 ./Middlewares/ST/STM32_USB_Device_Library/Class/CDC/Src/usbd_cdc.o
 .comment       0x0000000000000050       0x51 ./Middlewares/ST/STM32_USB_Device_Library/Core/Src/usbd_core.o
 .comment       0x0000000000000050       0x51 ./Middlewares/ST/STM32_USB_Device_Library/Core/Src/usbd_ctlreq.o
 .comment       0x0000000000000050       0x51 ./Middlewares/ST/STM32_USB_Device_Library/Core/Src/usbd_ioreq.o
 .comment       0x0000000000000050       0x51 ./USB_DEVICE/App/usb_device.o
 .comment       0x0000000000000050       0x51 ./USB_DEVICE/App/usbd_cdc_if.o
 .comment       0x0000000000000050       0x51 ./USB_DEVICE/App/usbd_desc.o
 .comment       0x0000000000000050       0x51 ./USB_DEVICE/Target/usbd_conf.o

.debug_frame    0x0000000000000000     0x26b4
 .debug_frame   0x0000000000000000       0x90 ./Core/Src/main.o
 .debug_frame   0x0000000000000090       0x38 ./Core/Src/stm32f1xx_hal_msp.o
 .debug_frame   0x00000000000000c8      0x120 ./Core/Src/stm32f1xx_it.o
 .debug_frame   0x00000000000001e8       0x58 ./Core/Src/system_stm32f1xx.o
 .debug_frame   0x0000000000000240      0x334 ./Drivers/STM32F1xx_HAL_Driver/Src/stm32f1xx_hal.o
 .debug_frame   0x0000000000000574      0x428 ./Drivers/STM32F1xx_HAL_Driver/Src/stm32f1xx_hal_cortex.o
 .debug_frame   0x000000000000099c      0x594 ./Drivers/STM32F1xx_HAL_Driver/Src/stm32f1xx_hal_pcd.o
 .debug_frame   0x0000000000000f30       0xb0 ./Drivers/STM32F1xx_HAL_Driver/Src/stm32f1xx_hal_pcd_ex.o
 .debug_frame   0x0000000000000fe0      0x218 ./Drivers/STM32F1xx_HAL_Driver/Src/stm32f1xx_hal_rcc.o
 .debug_frame   0x00000000000011f8       0x80 ./Drivers/STM32F1xx_HAL_Driver/Src/stm32f1xx_hal_rcc_ex.o
 .debug_frame   0x0000000000001278      0x470 ./Drivers/STM32F1xx_HAL_Driver/Src/stm32f1xx_ll_usb.o
 .debug_frame   0x00000000000016e8      0x248 ./Middlewares/ST/STM32_USB_Device_Library/Class/CDC/Src/usbd_cdc.o
 .debug_frame   0x0000000000001930      0x300 ./Middlewares/ST/STM32_USB_Device_Library/Core/Src/usbd_core.o
 .debug_frame   0x0000000000001c30      0x218 ./Middlewares/ST/STM32_USB_Device_Library/Core/Src/usbd_ctlreq.o
 .debug_frame   0x0000000000001e48      0x10c ./Middlewares/ST/STM32_USB_Device_Library/Core/Src/usbd_ioreq.o
 .debug_frame   0x0000000000001f54       0x2c ./USB_DEVICE/App/usb_device.o
 .debug_frame   0x0000000000001f80       0xbc ./USB_DEVICE/App/usbd_cdc_if.o
 .debug_frame   0x000000000000203c      0x160 ./USB_DEVICE/App/usbd_desc.o
 .debug_frame   0x000000000000219c      0x4a4 ./USB_DEVICE/Target/usbd_conf.o
 .debug_frame   0x0000000000002640       0x2c c:/stm/stm32cubeide_1.12.1/stm32cubeide/plugins/com.st.stm32cube.ide.mcu.externaltools.gnu-tools-for-stm32.10.3-2021.10.win32_1.0.200.202301161003/tools/bin/../lib/gcc/arm-none-eabi/10.3.1/../../../../arm-none-eabi/lib/thumb/v7-m/nofp\libc_nano.a(lib_a-init.o)
 .debug_frame   0x000000000000266c       0x28 c:/stm/stm32cubeide_1.12.1/stm32cubeide/plugins/com.st.stm32cube.ide.mcu.externaltools.gnu-tools-for-stm32.10.3-2021.10.win32_1.0.200.202301161003/tools/bin/../lib/gcc/arm-none-eabi/10.3.1/../../../../arm-none-eabi/lib/thumb/v7-m/nofp\libc_nano.a(lib_a-memcpy-stub.o)
 .debug_frame   0x0000000000002694       0x20 c:/stm/stm32cubeide_1.12.1/stm32cubeide/plugins/com.st.stm32cube.ide.mcu.externaltools.gnu-tools-for-stm32.10.3-2021.10.win32_1.0.200.202301161003/tools/bin/../lib/gcc/arm-none-eabi/10.3.1/../../../../arm-none-eabi/lib/thumb/v7-m/nofp\libc_nano.a(lib_a-memset.o)
